Archive member included to satisfy reference by file (symbol)

../../ChinookLib/ChinookLib.X/dist/default/production/ChinookLib.X.a(ChinookPorts.o)
                              build/default/production/source/Setup.o (Port)
../../ChinookLib/ChinookLib.X/dist/default/production/ChinookLib.X.a(ChinookPwm.o)
                              build/default/production/source/Setup.o (Pwm)
../../ChinookLib/ChinookLib.X/dist/default/production/ChinookLib.X.a(ChinookTimer.o)
                              build/default/production/source/Setup.o (Timer)
../../ChinookLib/ChinookLib.X/dist/default/production/ChinookLib.X.a(ChinookUart.o)
                              build/default/production/source/Setup.o (Uart)
../../ChinookLib/ChinookLib.X/dist/default/production/ChinookLib.X.a(ChinookSpi.o)
                              build/default/production/source/Setup.o (Spi)
../../ChinookLib/ChinookLib.X/dist/default/production/ChinookLib.X.a(ChinookAdc.o)
                              build/default/production/source/Interrupts.o (Adc)
../../ChinookLib/ChinookLib.X/dist/default/production/ChinookLib.X.a(ChinookCan.o)
                              build/default/production/source/Setup.o (Can)
/Applications/microchip/xc32/v4.10/bin/bin/../../lib/gcc/pic32mx/8.3.1/libgcc.a(floatunsisf.o)
                              build/default/production/source/StateFunctions.o (__floatunsisf)
/Applications/microchip/xc32/v4.10/bin/bin/../../lib/gcc/pic32mx/8.3.1/libgcc.a(floatunsidf.o)
                              ../../ChinookLib/ChinookLib.X/dist/default/production/ChinookLib.X.a(ChinookPwm.o) (__floatunsidf)
/Applications/microchip/xc32/v4.10/bin/bin/../../lib/gcc/pic32mx/8.3.1/../../../../pic32mx/lib/libpic32.a(memcpy.o)
                              build/default/production/source/Interrupts.o (memcpy)
/Applications/microchip/xc32/v4.10/bin/bin/../../lib/gcc/pic32mx/8.3.1/../../../../pic32mx/lib/libpic32.a(default-bootstrap-exception-handler.o)
                              /var/folders/p6/h4m6v5kx7236rmr32rnvdz_w0000gn/T//ccbZZKnJ.o (_bootstrap_exception_handler)
/Applications/microchip/xc32/v4.10/bin/bin/../../lib/gcc/pic32mx/8.3.1/../../../../pic32mx/lib/libpic32.a(default-on-reset.o)
                              /var/folders/p6/h4m6v5kx7236rmr32rnvdz_w0000gn/T//ccbZZKnJ.o (_on_reset)
/Applications/microchip/xc32/v4.10/bin/bin/../../lib/gcc/pic32mx/8.3.1/../../../../pic32mx/lib/libpic32.a(default-on-bootstrap.o)
                              /var/folders/p6/h4m6v5kx7236rmr32rnvdz_w0000gn/T//ccbZZKnJ.o (_on_bootstrap)
/Applications/microchip/xc32/v4.10/bin/bin/../../lib/gcc/pic32mx/8.3.1/../../../../pic32mx/lib/libpic32.a(default-nmi-handler.o)
                              /var/folders/p6/h4m6v5kx7236rmr32rnvdz_w0000gn/T//ccbZZKnJ.o (_nmi_handler)
/Applications/microchip/xc32/v4.10/bin/bin/../../lib/gcc/pic32mx/8.3.1/../../../../pic32mx/lib/libpic32.a(pic32_data_init.o)
                              /var/folders/p6/h4m6v5kx7236rmr32rnvdz_w0000gn/T//ccbZZKnJ.o (__pic32_data_init)
/Applications/microchip/xc32/v4.10/bin/bin/../../lib/gcc/pic32mx/8.3.1/../../../../pic32mx/lib/libpic32.a(general-exception.o)
                              /var/folders/p6/h4m6v5kx7236rmr32rnvdz_w0000gn/T//ccbZZKnJ.o (_general_exception_context)
/Applications/microchip/xc32/v4.10/bin/bin/../../lib/gcc/pic32mx/8.3.1/../../../../pic32mx/lib/libpic32.a(vector0.o)
                              /var/folders/p6/h4m6v5kx7236rmr32rnvdz_w0000gn/T//cc1g03XP.o (__vector_dispatch_0)
/Applications/microchip/xc32/v4.10/bin/bin/../../lib/gcc/pic32mx/8.3.1/../../../../pic32mx/lib/libpic32.a(vector1.o)
                              /var/folders/p6/h4m6v5kx7236rmr32rnvdz_w0000gn/T//cc1g03XP.o (__vector_dispatch_1)
/Applications/microchip/xc32/v4.10/bin/bin/../../lib/gcc/pic32mx/8.3.1/../../../../pic32mx/lib/libpic32.a(vector2.o)
                              /var/folders/p6/h4m6v5kx7236rmr32rnvdz_w0000gn/T//cc1g03XP.o (__vector_dispatch_2)
/Applications/microchip/xc32/v4.10/bin/bin/../../lib/gcc/pic32mx/8.3.1/../../../../pic32mx/lib/libpic32.a(vector3.o)
                              /var/folders/p6/h4m6v5kx7236rmr32rnvdz_w0000gn/T//cc1g03XP.o (__vector_dispatch_3)
/Applications/microchip/xc32/v4.10/bin/bin/../../lib/gcc/pic32mx/8.3.1/../../../../pic32mx/lib/libpic32.a(vector5.o)
                              /var/folders/p6/h4m6v5kx7236rmr32rnvdz_w0000gn/T//cc1g03XP.o (__vector_dispatch_5)
/Applications/microchip/xc32/v4.10/bin/bin/../../lib/gcc/pic32mx/8.3.1/../../../../pic32mx/lib/libpic32.a(vector6.o)
                              /var/folders/p6/h4m6v5kx7236rmr32rnvdz_w0000gn/T//cc1g03XP.o (__vector_dispatch_6)
/Applications/microchip/xc32/v4.10/bin/bin/../../lib/gcc/pic32mx/8.3.1/../../../../pic32mx/lib/libpic32.a(vector7.o)
                              /var/folders/p6/h4m6v5kx7236rmr32rnvdz_w0000gn/T//cc1g03XP.o (__vector_dispatch_7)
/Applications/microchip/xc32/v4.10/bin/bin/../../lib/gcc/pic32mx/8.3.1/../../../../pic32mx/lib/libpic32.a(vector9.o)
[...]
Memory Configuration

Name             Origin             Length             Attributes
kseg0_program_mem 0x000000009d000000 0x0000000000080000 xr
kseg0_boot_mem   0x000000009fc00490 0x0000000000000970
exception_mem    0x000000009fc01000 0x0000000000001000
kseg1_boot_mem   0x00000000bfc00000 0x0000000000000490
debug_exec_mem   0x00000000bfc02000 0x0000000000000ff0
config3          0x00000000bfc02ff0 0x0000000000000004
config2          0x00000000bfc02ff4 0x0000000000000004
config1          0x00000000bfc02ff8 0x0000000000000004
config0          0x00000000bfc02ffc 0x0000000000000004
kseg1_data_mem   0x00000000a0000000 0x0000000000020000 w !x
sfrs             0x00000000bf800000 0x0000000000100000
configsfrs       0x00000000bfc02ff0 0x0000000000000010
*default*        0x0000000000000000 0xffffffffffffffff

Linker script and memory map

LOAD /Applications/microchip/xc32/v4.10/bin/bin/../../lib/gcc/pic32mx/8.3.1/../../../../pic32mx/lib/debug-exception-return.o
LOAD build/default/production/source/Interrupts.o
LOAD build/default/production/source/Setup.o
LOAD build/default/production/source/StateFunctions.o
LOAD build/default/production/source/StateMachine_Volant.o
LOAD build/default/production/source/main.o
LOAD ../../ChinookLib/ChinookLib.X/dist/default/production/ChinookLib.X.a
                0x0000000000000001                __MPLAB_BUILD = 0x1
LOAD /var/folders/p6/h4m6v5kx7236rmr32rnvdz_w0000gn/T//ccbZZKnJ.o
LOAD /var/folders/p6/h4m6v5kx7236rmr32rnvdz_w0000gn/T//ccvsYegX.o
LOAD /var/folders/p6/h4m6v5kx7236rmr32rnvdz_w0000gn/T//cc1g03XP.o
LOAD /Applications/microchip/xc32/v4.10/bin/bin/../../lib/gcc/pic32mx/8.3.1/../../../../pic32mx/lib/pic32_software_reset.o
LOAD /Applications/microchip/xc32/v4.10/bin/bin/../../lib/gcc/pic32mx/8.3.1/libgcc.a
START GROUP
LOAD /Applications/microchip/xc32/v4.10/bin/bin/../../lib/gcc/pic32mx/8.3.1/../../../../pic32mx/lib/libpic32.a
LOAD /Applications/microchip/xc32/v4.10/bin/bin/../../lib/gcc/pic32mx/8.3.1/../../../../pic32mx/lib/libdebug.a
LOAD /Applications/microchip/xc32/v4.10/bin/bin/../../lib/gcc/pic32mx/8.3.1/../../../../pic32mx/lib/libc-musl.a
LOAD /Applications/microchip/xc32/v4.10/bin/bin/../../lib/gcc/pic32mx/8.3.1/../../../../pic32mx/lib/libm.a
LOAD /Applications/microchip/xc32/v4.10/bin/bin/../../lib/gcc/pic32mx/8.3.1/../../../../pic32mx/lib/libe.a
LOAD /Applications/microchip/xc32/v4.10/bin/bin/../../lib/gcc/pic32mx/8.3.1/../../../../pic32mx/lib/libm-musl.a
LOAD /Applications/microchip/xc32/v4.10/bin/bin/../../lib/gcc/pic32mx/8.3.1/../../../../pic32mx/lib/libdsp.a
LOAD /Applications/microchip/xc32/v4.10/bin/bin/../../lib/gcc/pic32mx/8.3.1/libgcc.a
END GROUP
LOAD /Applications/microchip/xc32/v4.10/bin/bin/../../lib/gcc/pic32mx/8.3.1/libgcc.a
                0x0000000000000400                PROVIDE (_min_stack_size = 0x400)
START GROUP
LOAD libmchp_peripheral.a
END GROUP
START GROUP
LOAD libmchp_peripheral_32MX795F512H.a
END GROUP
                0x0000000000000001                PROVIDE (_vector_spacing = 0x1)
                0x000000009fc01000                PROVIDE (_ebase_address = 0x9fc01000)
                0x00000000bfc00000                _RESET_ADDR = 0xbfc00000
                0x00000000bfc00380                _BEV_EXCPT_ADDR = 0xbfc00380
                0x00000000bfc00480                _DBG_EXCPT_ADDR = 0xbfc00480
                0x00000000bfc02000                _DBG_CODE_ADDR = 0xbfc02000
                0x0000000000000ff0                _DBG_CODE_SIZE = 0xff0
                0x000000009fc01180                _GEN_EXCPT_ADDR = (_ebase_address + 0x180)

.config_BFC02FF0
                0x00000000bfc02ff0        0x4
 *(.config_BFC02FF0)
 .config_BFC02FF0
                0x00000000bfc02ff0        0x4 build/default/production/source/main.o
                0x00000000bfc02ff0                __config_BFC02FF0

.config_BFC02FF4
                0x00000000bfc02ff4        0x4
 *(.config_BFC02FF4)
 .config_BFC02FF4
                0x00000000bfc02ff4        0x4 build/default/production/source/main.o
                0x00000000bfc02ff4                __config_BFC02FF4

.config_BFC02FF8
                0x00000000bfc02ff8        0x4
 *(.config_BFC02FF8)
 .config_BFC02FF8
                0x00000000bfc02ff8        0x4 build/default/production/source/main.o
                0x00000000bfc02ff8                __config_BFC02FF8

.config_BFC02FFC
                0x00000000bfc02ffc        0x4
 *(.config_BFC02FFC)
 .config_BFC02FFC
                0x00000000bfc02ffc        0x4 build/default/production/source/main.o
                0x00000000bfc02ffc                __config_BFC02FFC

.reset          0x00000000bfc00000      0x19c
 *(.reset)
 .reset         0x00000000bfc00000        0x8 /var/folders/p6/h4m6v5kx7236rmr32rnvdz_w0000gn/T//ccbZZKnJ.o
                0x00000000bfc00000                _reset
 *(.reset.startup)
 .reset.startup
                0x00000000bfc00008      0x194 /var/folders/p6/h4m6v5kx7236rmr32rnvdz_w0000gn/T//ccbZZKnJ.o
                0x00000000bfc00008                _startup

.bev_excpt      0x00000000bfc00380       0x10
 *(.bev_handler)
 .bev_handler   0x00000000bfc00380       0x10 /var/folders/p6/h4m6v5kx7236rmr32rnvdz_w0000gn/T//ccbZZKnJ.o

.dbg_excpt      0x00000000bfc00480        0x0
                0x00000000bfc00480                . = (. + DEFINED (_DEBUGGER)?0x8:0x0)

.dbg_code       0x00000000bfc02000        0x0
                0x00000000bfc02000                . = (. + DEFINED (_DEBUGGER)?_DBG_CODE_SIZE:0x0)

.app_excpt      0x000000009fc01180       0x10
 *(.gen_handler)
 .gen_handler   0x000000009fc01180       0x10 /var/folders/p6/h4m6v5kx7236rmr32rnvdz_w0000gn/T//ccbZZKnJ.o

.vector_0       0x000000009fc01200        0x8
 *(.vector_0)
 .vector_0      0x000000009fc01200        0x8 /Applications/microchip/xc32/v4.10/bin/bin/../../lib/gcc/pic32mx/8.3.1/../../../../pic32mx/lib/libpic32.a(vector0.o)
                0x000000009fc01200                __vector_dispatch_0
                0x0000000000000001                ASSERT (((_vector_spacing == 0x0) || (SIZEOF (.vector_0) <= (_vector_spacing << 0x5))), function at exception vector 0 too large)

.vector_1       0x000000009fc01220        0x8
 *(.vector_1)
 .vector_1      0x000000009fc01220        0x8 /Applications/microchip/xc32/v4.10/bin/bin/../../lib/gcc/pic32mx/8.3.1/../../../../pic32mx/lib/libpic32.a(vector1.o)
                0x000000009fc01220                __vector_dispatch_1
                0x0000000000000001                ASSERT (((_vector_spacing == 0x0) || (SIZEOF (.vector_1) <= (_vector_spacing << 0x5))), function at exception vector 1 too large)

.vector_2       0x000000009fc01240        0x8
 *(.vector_2)
 .vector_2      0x000000009fc01240        0x8 /Applications/microchip/xc32/v4.10/bin/bin/../../lib/gcc/pic32mx/8.3.1/../../../../pic32mx/lib/libpic32.a(vector2.o)
                0x000000009fc01240                __vector_dispatch_2
                0x0000000000000001                ASSERT (((_vector_spacing == 0x0) || (SIZEOF (.vector_2) <= (_vector_spacing << 0x5))), function at exception vector 2 too large)

.vector_3       0x000000009fc01260        0x8
 *(.vector_3)
 .vector_3      0x000000009fc01260        0x8 /Applications/microchip/xc32/v4.10/bin/bin/../../lib/gcc/pic32mx/8.3.1/../../../../pic32mx/lib/libpic32.a(vector3.o)
                0x000000009fc01260                __vector_dispatch_3
                0x0000000000000001                ASSERT (((_vector_spacing == 0x0) || (SIZEOF (.vector_3) <= (_vector_spacing << 0x5))), function at exception vector 3 too large)

.vector_4       0x000000009fc01280        0x8
 *(.vector_4)
 .vector_4      0x000000009fc01280        0x8 build/default/production/source/Interrupts.o
                0x000000009fc01280                __vector_dispatch_4
                0x0000000000000001                ASSERT (((_vector_spacing == 0x0) || (SIZEOF (.vector_4) <= (_vector_spacing << 0x5))), function at exception vector 4 too large)

.vector_5       0x000000009fc012a0        0x8
 *(.vector_5)
 .vector_5      0x000000009fc012a0        0x8 /Applications/microchip/xc32/v4.10/bin/bin/../../lib/gcc/pic32mx/8.3.1/../../../../pic32mx/lib/libpic32.a(vector5.o)
                0x000000009fc012a0                __vector_dispatch_5
                0x0000000000000001                ASSERT (((_vector_spacing == 0x0) || (SIZEOF (.vector_5) <= (_vector_spacing << 0x5))), function at exception vector 5 too large)

.vector_6       0x000000009fc012c0        0x8
 *(.vector_6)
 .vector_6      0x000000009fc012c0        0x8 /Applications/microchip/xc32/v4.10/bin/bin/../../lib/gcc/pic32mx/8.3.1/../../../../pic32mx/lib/libpic32.a(vector6.o)
                0x000000009fc012c0                __vector_dispatch_6
                0x0000000000000001                ASSERT (((_vector_spacing == 0x0) || (SIZEOF (.vector_6) <= (_vector_spacing << 0x5))), function at exception vector 6 too large)

.vector_7       0x000000009fc012e0        0x8
 *(.vector_7)
 .vector_7      0x000000009fc012e0        0x8 /Applications/microchip/xc32/v4.10/bin/bin/../../lib/gcc/pic32mx/8.3.1/../../../../pic32mx/lib/libpic32.a(vector7.o)
                0x000000009fc012e0                __vector_dispatch_7
                0x0000000000000001                ASSERT (((_vector_spacing == 0x0) || (SIZEOF (.vector_7) <= (_vector_spacing << 0x5))), function at exception vector 7 too large)

.vector_8       0x000000009fc01300        0x8
 *(.vector_8)
 .vector_8      0x000000009fc01300        0x8 build/default/production/source/Interrupts.o
                0x000000009fc01300                __vector_dispatch_8
                0x0000000000000001                ASSERT (((_vector_spacing == 0x0) || (SIZEOF (.vector_8) <= (_vector_spacing << 0x5))), function at exception vector 8 too large)

.vector_9       0x000000009fc01320        0x8
 *(.vector_9)
 .vector_9      0x000000009fc01320        0x8 /Applications/microchip/xc32/v4.10/bin/bin/../../lib/gcc/pic32mx/8.3.1/../../../../pic32mx/lib/libpic32.a(vector9.o)
                0x000000009fc01320                __vector_dispatch_9
                0x0000000000000001                ASSERT (((_vector_spacing == 0x0) || (SIZEOF (.vector_9) <= (_vector_spacing << 0x5))), function at exception vector 9 too large)

.vector_10      0x000000009fc01340        0x8
 *(.vector_10)
 .vector_10     0x000000009fc01340        0x8 /Applications/microchip/xc32/v4.10/bin/bin/../../lib/gcc/pic32mx/8.3.1/../../../../pic32mx/lib/libpic32.a(vector10.o)
                0x000000009fc01340                __vector_dispatch_10
                0x0000000000000001                ASSERT (((_vector_spacing == 0x0) || (SIZEOF (.vector_10) <= (_vector_spacing << 0x5))), function at exception vector 10 too large)

.vector_11      0x000000009fc01360        0x8
 *(.vector_11)
 .vector_11     0x000000009fc01360        0x8 /Applications/microchip/xc32/v4.10/bin/bin/../../lib/gcc/pic32mx/8.3.1/../../../../pic32mx/lib/libpic32.a(vector11.o)
                0x000000009fc01360                __vector_dispatch_11
                0x0000000000000001                ASSERT (((_vector_spacing == 0x0) || (SIZEOF (.vector_11) <= (_vector_spacing << 0x5))), function at exception vector 11 too large)

.vector_12      0x000000009fc01380        0x8
 *(.vector_12)
 .vector_12     0x000000009fc01380        0x8 /Applications/microchip/xc32/v4.10/bin/bin/../../lib/gcc/pic32mx/8.3.1/../../../../pic32mx/lib/libpic32.a(vector12.o)
                0x000000009fc01380                __vector_dispatch_12
                0x0000000000000001                ASSERT (((_vector_spacing == 0x0) || (SIZEOF (.vector_12) <= (_vector_spacing << 0x5))), function at exception vector 12 too large)

.vector_13      0x000000009fc013a0        0x8
 *(.vector_13)
 .vector_13     0x000000009fc013a0        0x8 /Applications/microchip/xc32/v4.10/bin/bin/../../lib/gcc/pic32mx/8.3.1/../../../../pic32mx/lib/libpic32.a(vector13.o)
                0x000000009fc013a0                __vector_dispatch_13
                0x0000000000000001                ASSERT (((_vector_spacing == 0x0) || (SIZEOF (.vector_13) <= (_vector_spacing << 0x5))), function at exception vector 13 too large)

.vector_14      0x000000009fc013c0        0x8
 *(.vector_14)
 .vector_14     0x000000009fc013c0        0x8 /Applications/microchip/xc32/v4.10/bin/bin/../../lib/gcc/pic32mx/8.3.1/../../../../pic32mx/lib/libpic32.a(vector14.o)
                0x000000009fc013c0                __vector_dispatch_14
                0x0000000000000001                ASSERT (((_vector_spacing == 0x0) || (SIZEOF (.vector_14) <= (_vector_spacing << 0x5))), function at exception vector 14 too large)

.vector_15      0x000000009fc013e0        0x8
 *(.vector_15)
 .vector_15     0x000000009fc013e0        0x8 /Applications/microchip/xc32/v4.10/bin/bin/../../lib/gcc/pic32mx/8.3.1/../../../../pic32mx/lib/libpic32.a(vector15.o)
                0x000000009fc013e0                __vector_dispatch_15
                0x0000000000000001                ASSERT (((_vector_spacing == 0x0) || (SIZEOF (.vector_15) <= (_vector_spacing << 0x5))), function at exception vector 15 too large)

.vector_16      0x000000009fc01400        0x8
 *(.vector_16)
 .vector_16     0x000000009fc01400        0x8 build/default/production/source/Interrupts.o
                0x000000009fc01400                __vector_dispatch_16
                0x0000000000000001                ASSERT (((_vector_spacing == 0x0) || (SIZEOF (.vector_16) <= (_vector_spacing << 0x5))), function at exception vector 16 too large)

.vector_17      0x000000009fc01420        0x8
 *(.vector_17)
 .vector_17     0x000000009fc01420        0x8 /Applications/microchip/xc32/v4.10/bin/bin/../../lib/gcc/pic32mx/8.3.1/../../../../pic32mx/lib/libpic32.a(vector17.o)
                0x000000009fc01420                __vector_dispatch_17
                0x0000000000000001                ASSERT (((_vector_spacing == 0x0) || (SIZEOF (.vector_17) <= (_vector_spacing << 0x5))), function at exception vector 17 too large)

.vector_18      0x000000009fc01440        0x8
 *(.vector_18)
 .vector_18     0x000000009fc01440        0x8 /Applications/microchip/xc32/v4.10/bin/bin/../../lib/gcc/pic32mx/8.3.1/../../../../pic32mx/lib/libpic32.a(vector18.o)
                0x000000009fc01440                __vector_dispatch_18
                0x0000000000000001                ASSERT (((_vector_spacing == 0x0) || (SIZEOF (.vector_18) <= (_vector_spacing << 0x5))), function at exception vector 18 too large)

.vector_19      0x000000009fc01460        0x8
 *(.vector_19)
 .vector_19     0x000000009fc01460        0x8 /Applications/microchip/xc32/v4.10/bin/bin/../../lib/gcc/pic32mx/8.3.1/../../../../pic32mx/lib/libpic32.a(vector19.o)
                0x000000009fc01460                __vector_dispatch_19
                0x0000000000000001                ASSERT (((_vector_spacing == 0x0) || (SIZEOF (.vector_19) <= (_vector_spacing << 0x5))), function at exception vector 19 too large)

.vector_20      0x000000009fc01480        0x8
 *(.vector_20)
 .vector_20     0x000000009fc01480        0x8 /Applications/microchip/xc32/v4.10/bin/bin/../../lib/gcc/pic32mx/8.3.1/../../../../pic32mx/lib/libpic32.a(vector20.o)
                0x000000009fc01480                __vector_dispatch_20
                0x0000000000000001                ASSERT (((_vector_spacing == 0x0) || (SIZEOF (.vector_20) <= (_vector_spacing << 0x5))), function at exception vector 20 too large)

.vector_21      0x000000009fc014a0        0x8
 *(.vector_21)
 .vector_21     0x000000009fc014a0        0x8 /Applications/microchip/xc32/v4.10/bin/bin/../../lib/gcc/pic32mx/8.3.1/../../../../pic32mx/lib/libpic32.a(vector21.o)
                0x000000009fc014a0                __vector_dispatch_21
                0x0000000000000001                ASSERT (((_vector_spacing == 0x0) || (SIZEOF (.vector_21) <= (_vector_spacing << 0x5))), function at exception vector 21 too large)

.vector_22      0x000000009fc014c0        0x8
 *(.vector_22)
 .vector_22     0x000000009fc014c0        0x8 /Applications/microchip/xc32/v4.10/bin/bin/../../lib/gcc/pic32mx/8.3.1/../../../../pic32mx/lib/libpic32.a(vector22.o)
                0x000000009fc014c0                __vector_dispatch_22
                0x0000000000000001                ASSERT (((_vector_spacing == 0x0) || (SIZEOF (.vector_22) <= (_vector_spacing << 0x5))), function at exception vector 22 too large)

.vector_23      0x000000009fc014e0        0x8
 *(.vector_23)
 .vector_23     0x000000009fc014e0        0x8 /Applications/microchip/xc32/v4.10/bin/bin/../../lib/gcc/pic32mx/8.3.1/../../../../pic32mx/lib/libpic32.a(vector23.o)
                0x000000009fc014e0                __vector_dispatch_23
                0x0000000000000001                ASSERT (((_vector_spacing == 0x0) || (SIZEOF (.vector_23) <= (_vector_spacing << 0x5))), function at exception vector 23 too large)

.vector_24      0x000000009fc01500        0x8
 *(.vector_24)
 .vector_24     0x000000009fc01500        0x8 /Applications/microchip/xc32/v4.10/bin/bin/../../lib/gcc/pic32mx/8.3.1/../../../../pic32mx/lib/libpic32.a(vector24.o)
                0x000000009fc01500                __vector_dispatch_24
                0x0000000000000001                ASSERT (((_vector_spacing == 0x0) || (SIZEOF (.vector_24) <= (_vector_spacing << 0x5))), function at exception vector 24 too large)

.vector_25      0x000000009fc01520        0x8
 *(.vector_25)
 .vector_25     0x000000009fc01520        0x8 /Applications/microchip/xc32/v4.10/bin/bin/../../lib/gcc/pic32mx/8.3.1/../../../../pic32mx/lib/libpic32.a(vector25.o)
                0x000000009fc01520                __vector_dispatch_25
                0x0000000000000001                ASSERT (((_vector_spacing == 0x0) || (SIZEOF (.vector_25) <= (_vector_spacing << 0x5))), function at exception vector 25 too large)

.vector_26      0x000000009fc01540        0x8
 *(.vector_26)
 .vector_26     0x000000009fc01540        0x8 /Applications/microchip/xc32/v4.10/bin/bin/../../lib/gcc/pic32mx/8.3.1/../../../../pic32mx/lib/libpic32.a(vector26.o)
                0x000000009fc01540                __vector_dispatch_26
                0x0000000000000001                ASSERT (((_vector_spacing == 0x0) || (SIZEOF (.vector_26) <= (_vector_spacing << 0x5))), function at exception vector 26 too large)

.vector_27      0x000000009fc01560        0x8
 *(.vector_27)
 .vector_27     0x000000009fc01560        0x8 build/default/production/source/Interrupts.o
                0x000000009fc01560                __vector_dispatch_27
                0x0000000000000001                ASSERT (((_vector_spacing == 0x0) || (SIZEOF (.vector_27) <= (_vector_spacing << 0x5))), function at exception vector 27 too large)

.vector_28      0x000000009fc01580        0x8
 *(.vector_28)
 .vector_28     0x000000009fc01580        0x8 /Applications/microchip/xc32/v4.10/bin/bin/../../lib/gcc/pic32mx/8.3.1/../../../../pic32mx/lib/libpic32.a(vector28.o)
                0x000000009fc01580                __vector_dispatch_28
                0x0000000000000001                ASSERT (((_vector_spacing == 0x0) || (SIZEOF (.vector_28) <= (_vector_spacing << 0x5))), function at exception vector 28 too large)

.vector_29      0x000000009fc015a0        0x8
 *(.vector_29)
 .vector_29     0x000000009fc015a0        0x8 /Applications/microchip/xc32/v4.10/bin/bin/../../lib/gcc/pic32mx/8.3.1/../../../../pic32mx/lib/libpic32.a(vector29.o)
                0x000000009fc015a0                __vector_dispatch_29
                0x0000000000000001                ASSERT (((_vector_spacing == 0x0) || (SIZEOF (.vector_29) <= (_vector_spacing << 0x5))), function at exception vector 29 too large)

.vector_30      0x000000009fc015c0        0x8
 *(.vector_30)
 .vector_30     0x000000009fc015c0        0x8 /Applications/microchip/xc32/v4.10/bin/bin/../../lib/gcc/pic32mx/8.3.1/../../../../pic32mx/lib/libpic32.a(vector30.o)
                0x000000009fc015c0                __vector_dispatch_30
                0x0000000000000001                ASSERT (((_vector_spacing == 0x0) || (SIZEOF (.vector_30) <= (_vector_spacing << 0x5))), function at exception vector 30 too large)

.vector_31      0x000000009fc015e0        0x8
 *(.vector_31)
 .vector_31     0x000000009fc015e0        0x8 /Applications/microchip/xc32/v4.10/bin/bin/../../lib/gcc/pic32mx/8.3.1/../../../../pic32mx/lib/libpic32.a(vector31.o)
                0x000000009fc015e0                __vector_dispatch_31
                0x0000000000000001                ASSERT (((_vector_spacing == 0x0) || (SIZEOF (.vector_31) <= (_vector_spacing << 0x5))), function at exception vector 31 too large)

.vector_32      0x000000009fc01600        0x8
 *(.vector_32)
 .vector_32     0x000000009fc01600        0x8 /Applications/microchip/xc32/v4.10/bin/bin/../../lib/gcc/pic32mx/8.3.1/../../../../pic32mx/lib/libpic32.a(vector32.o)
                0x000000009fc01600                __vector_dispatch_32
                0x0000000000000001                ASSERT (((_vector_spacing == 0x0) || (SIZEOF (.vector_32) <= (_vector_spacing << 0x5))), function at exception vector 32 too large)

.vector_33      0x000000009fc01620        0x8
 *(.vector_33)
 .vector_33     0x000000009fc01620        0x8 /Applications/microchip/xc32/v4.10/bin/bin/../../lib/gcc/pic32mx/8.3.1/../../../../pic32mx/lib/libpic32.a(vector33.o)
                0x000000009fc01620                __vector_dispatch_33
                0x0000000000000001                ASSERT (((_vector_spacing == 0x0) || (SIZEOF (.vector_33) <= (_vector_spacing << 0x5))), function at exception vector 33 too large)

.vector_34      0x000000009fc01640        0x8
 *(.vector_34)
 .vector_34     0x000000009fc01640        0x8 /Applications/microchip/xc32/v4.10/bin/bin/../../lib/gcc/pic32mx/8.3.1/../../../../pic32mx/lib/libpic32.a(vector34.o)
                0x000000009fc01640                __vector_dispatch_34
                0x0000000000000001                ASSERT (((_vector_spacing == 0x0) || (SIZEOF (.vector_34) <= (_vector_spacing << 0x5))), function at exception vector 34 too large)

.vector_35      0x000000009fc01660        0x8
 *(.vector_35)
 .vector_35     0x000000009fc01660        0x8 /Applications/microchip/xc32/v4.10/bin/bin/../../lib/gcc/pic32mx/8.3.1/../../../../pic32mx/lib/libpic32.a(vector35.o)
                0x000000009fc01660                __vector_dispatch_35
                0x0000000000000001                ASSERT (((_vector_spacing == 0x0) || (SIZEOF (.vector_35) <= (_vector_spacing << 0x5))), function at exception vector 35 too large)

.vector_36      0x000000009fc01680        0x8
 *(.vector_36)
 .vector_36     0x000000009fc01680        0x8 /Applications/microchip/xc32/v4.10/bin/bin/../../lib/gcc/pic32mx/8.3.1/../../../../pic32mx/lib/libpic32.a(vector36.o)
                0x000000009fc01680                __vector_dispatch_36
                0x0000000000000001                ASSERT (((_vector_spacing == 0x0) || (SIZEOF (.vector_36) <= (_vector_spacing << 0x5))), function at exception vector 36 too large)

.vector_37      0x000000009fc016a0        0x8
 *(.vector_37)
 .vector_37     0x000000009fc016a0        0x8 /Applications/microchip/xc32/v4.10/bin/bin/../../lib/gcc/pic32mx/8.3.1/../../../../pic32mx/lib/libpic32.a(vector37.o)
                0x000000009fc016a0                __vector_dispatch_37
                0x0000000000000001                ASSERT (((_vector_spacing == 0x0) || (SIZEOF (.vector_37) <= (_vector_spacing << 0x5))), function at exception vector 37 too large)

.vector_38      0x000000009fc016c0        0x8
 *(.vector_38)
 .vector_38     0x000000009fc016c0        0x8 /Applications/microchip/xc32/v4.10/bin/bin/../../lib/gcc/pic32mx/8.3.1/../../../../pic32mx/lib/libpic32.a(vector38.o)
                0x000000009fc016c0                __vector_dispatch_38
                0x0000000000000001                ASSERT (((_vector_spacing == 0x0) || (SIZEOF (.vector_38) <= (_vector_spacing << 0x5))), function at exception vector 38 too large)

.vector_39      0x000000009fc016e0        0x8
 *(.vector_39)
 .vector_39     0x000000009fc016e0        0x8 /Applications/microchip/xc32/v4.10/bin/bin/../../lib/gcc/pic32mx/8.3.1/../../../../pic32mx/lib/libpic32.a(vector39.o)
                0x000000009fc016e0                __vector_dispatch_39
                0x0000000000000001                ASSERT (((_vector_spacing == 0x0) || (SIZEOF (.vector_39) <= (_vector_spacing << 0x5))), function at exception vector 39 too large)

.vector_40      0x000000009fc01700        0x8
 *(.vector_40)
 .vector_40     0x000000009fc01700        0x8 /Applications/microchip/xc32/v4.10/bin/bin/../../lib/gcc/pic32mx/8.3.1/../../../../pic32mx/lib/libpic32.a(vector40.o)
                0x000000009fc01700                __vector_dispatch_40
                0x0000000000000001                ASSERT (((_vector_spacing == 0x0) || (SIZEOF (.vector_40) <= (_vector_spacing << 0x5))), function at exception vector 40 too large)

.vector_41      0x000000009fc01720        0x8
 *(.vector_41)
 .vector_41     0x000000009fc01720        0x8 /Applications/microchip/xc32/v4.10/bin/bin/../../lib/gcc/pic32mx/8.3.1/../../../../pic32mx/lib/libpic32.a(vector41.o)
                0x000000009fc01720                __vector_dispatch_41
                0x0000000000000001                ASSERT (((_vector_spacing == 0x0) || (SIZEOF (.vector_41) <= (_vector_spacing << 0x5))), function at exception vector 41 too large)

.vector_42      0x000000009fc01740        0x8
 *(.vector_42)
 .vector_42     0x000000009fc01740        0x8 /Applications/microchip/xc32/v4.10/bin/bin/../../lib/gcc/pic32mx/8.3.1/../../../../pic32mx/lib/libpic32.a(vector42.o)
                0x000000009fc01740                __vector_dispatch_42
                0x0000000000000001                ASSERT (((_vector_spacing == 0x0) || (SIZEOF (.vector_42) <= (_vector_spacing << 0x5))), function at exception vector 42 too large)

.vector_43      0x000000009fc01760        0x8
 *(.vector_43)
 .vector_43     0x000000009fc01760        0x8 /Applications/microchip/xc32/v4.10/bin/bin/../../lib/gcc/pic32mx/8.3.1/../../../../pic32mx/lib/libpic32.a(vector43.o)
                0x000000009fc01760                __vector_dispatch_43
                0x0000000000000001                ASSERT (((_vector_spacing == 0x0) || (SIZEOF (.vector_43) <= (_vector_spacing << 0x5))), function at exception vector 43 too large)

.vector_44      0x000000009fc01780        0x8
 *(.vector_44)
 .vector_44     0x000000009fc01780        0x8 /Applications/microchip/xc32/v4.10/bin/bin/../../lib/gcc/pic32mx/8.3.1/../../../../pic32mx/lib/libpic32.a(vector44.o)
                0x000000009fc01780                __vector_dispatch_44
                0x0000000000000001                ASSERT (((_vector_spacing == 0x0) || (SIZEOF (.vector_44) <= (_vector_spacing << 0x5))), function at exception vector 44 too large)

.vector_45      0x000000009fc017a0        0x8
 *(.vector_45)
 .vector_45     0x000000009fc017a0        0x8 /Applications/microchip/xc32/v4.10/bin/bin/../../lib/gcc/pic32mx/8.3.1/../../../../pic32mx/lib/libpic32.a(vector45.o)
                0x000000009fc017a0                __vector_dispatch_45
                0x0000000000000001                ASSERT (((_vector_spacing == 0x0) || (SIZEOF (.vector_45) <= (_vector_spacing << 0x5))), function at exception vector 45 too large)

.vector_46      0x000000009fc017c0        0x8
 *(.vector_46)
 .vector_46     0x000000009fc017c0        0x8 build/default/production/source/Interrupts.o
                0x000000009fc017c0                __vector_dispatch_46
                0x0000000000000001                ASSERT (((_vector_spacing == 0x0) || (SIZEOF (.vector_46) <= (_vector_spacing << 0x5))), function at exception vector 46 too large)

.vector_47      0x000000009fc017e0        0x8
 *(.vector_47)
 .vector_47     0x000000009fc017e0        0x8 /Applications/microchip/xc32/v4.10/bin/bin/../../lib/gcc/pic32mx/8.3.1/../../../../pic32mx/lib/libpic32.a(vector47.o)
                0x000000009fc017e0                __vector_dispatch_47
                0x0000000000000001                ASSERT (((_vector_spacing == 0x0) || (SIZEOF (.vector_47) <= (_vector_spacing << 0x5))), function at exception vector 47 too large)

.vector_48      0x000000009fc01800        0x8
 *(.vector_48)
 .vector_48     0x000000009fc01800        0x8 /Applications/microchip/xc32/v4.10/bin/bin/../../lib/gcc/pic32mx/8.3.1/../../../../pic32mx/lib/libpic32.a(vector48.o)
                0x000000009fc01800                __vector_dispatch_48
                0x0000000000000001                ASSERT (((_vector_spacing == 0x0) || (SIZEOF (.vector_48) <= (_vector_spacing << 0x5))), function at exception vector 48 too large)

.vector_49      0x000000009fc01820        0x8
 *(.vector_49)
 .vector_49     0x000000009fc01820        0x8 /Applications/microchip/xc32/v4.10/bin/bin/../../lib/gcc/pic32mx/8.3.1/../../../../pic32mx/lib/libpic32.a(vector49.o)
                0x000000009fc01820                __vector_dispatch_49
                0x0000000000000001                ASSERT (((_vector_spacing == 0x0) || (SIZEOF (.vector_49) <= (_vector_spacing << 0x5))), function at exception vector 49 too large)

.vector_50      0x000000009fc01840        0x8
 *(.vector_50)
 .vector_50     0x000000009fc01840        0x8 build/default/production/source/Interrupts.o
                0x000000009fc01840                __vector_dispatch_50
                0x0000000000000001                ASSERT (((_vector_spacing == 0x0) || (SIZEOF (.vector_50) <= (_vector_spacing << 0x5))), function at exception vector 50 too large)

.vector_51      0x000000009fc01860        0x8
 *(.vector_51)
 .vector_51     0x000000009fc01860        0x8 /Applications/microchip/xc32/v4.10/bin/bin/../../lib/gcc/pic32mx/8.3.1/../../../../pic32mx/lib/libpic32.a(vector51.o)
                0x000000009fc01860                __vector_dispatch_51
                0x0000000000000001                ASSERT (((_vector_spacing == 0x0) || (SIZEOF (.vector_51) <= (_vector_spacing << 0x5))), function at exception vector 51 too large)

.vector_52      0x000000009fc01880        0x0
 *(.vector_52)
                0x0000000000000001                ASSERT (((_vector_spacing == 0x0) || (SIZEOF (.vector_52) <= (_vector_spacing << 0x5))), function at exception vector 52 too large)

.vector_53      0x000000009fc018a0        0x0
 *(.vector_53)
                0x0000000000000001                ASSERT (((_vector_spacing == 0x0) || (SIZEOF (.vector_53) <= (_vector_spacing << 0x5))), function at exception vector 53 too large)

.vector_54      0x000000009fc018c0        0x0
 *(.vector_54)
                0x0000000000000001                ASSERT (((_vector_spacing == 0x0) || (SIZEOF (.vector_54) <= (_vector_spacing << 0x5))), function at exception vector 54 too large)

.vector_55      0x000000009fc018e0        0x0
 *(.vector_55)
                0x0000000000000001                ASSERT (((_vector_spacing == 0x0) || (SIZEOF (.vector_55) <= (_vector_spacing << 0x5))), function at exception vector 55 too large)

.vector_56      0x000000009fc01900        0x0
 *(.vector_56)
                0x0000000000000001                ASSERT (((_vector_spacing == 0x0) || (SIZEOF (.vector_56) <= (_vector_spacing << 0x5))), function at exception vector 56 too large)

.vector_57      0x000000009fc01920        0x0
 *(.vector_57)
                0x0000000000000001                ASSERT (((_vector_spacing == 0x0) || (SIZEOF (.vector_57) <= (_vector_spacing << 0x5))), function at exception vector 57 too large)

.vector_58      0x000000009fc01940        0x0
 *(.vector_58)
                0x0000000000000001                ASSERT (((_vector_spacing == 0x0) || (SIZEOF (.vector_58) <= (_vector_spacing << 0x5))), function at exception vector 58 too large)

.vector_59      0x000000009fc01960        0x0
 *(.vector_59)
                0x0000000000000001                ASSERT (((_vector_spacing == 0x0) || (SIZEOF (.vector_59) <= (_vector_spacing << 0x5))), function at exception vector 59 too large)

.vector_60      0x000000009fc01980        0x0
 *(.vector_60)
                0x0000000000000001                ASSERT (((_vector_spacing == 0x0) || (SIZEOF (.vector_60) <= (_vector_spacing << 0x5))), function at exception vector 60 too large)

.vector_61      0x000000009fc019a0        0x0
 *(.vector_61)
                0x0000000000000001                ASSERT (((_vector_spacing == 0x0) || (SIZEOF (.vector_61) <= (_vector_spacing << 0x5))), function at exception vector 61 too large)

.vector_62      0x000000009fc019c0        0x0
 *(.vector_62)
                0x0000000000000001                ASSERT (((_vector_spacing == 0x0) || (SIZEOF (.vector_62) <= (_vector_spacing << 0x5))), function at exception vector 62 too large)

.vector_63      0x000000009fc019e0        0x0
 *(.vector_63)
                0x0000000000000001                ASSERT (((_vector_spacing == 0x0) || (SIZEOF (.vector_63) <= (_vector_spacing << 0x5))), function at exception vector 63 too large)

.startup
 *(.startup)

.text           0x000000009d000000        0x0
 *(.stub .gnu.linkonce.t.*)
 *(.text.*personality*)
 *(.mips16.fn.*)
 *(.mips16.call.*)
 *(.gnu.warning)
                0x000000009d000000                . = ALIGN (0x4)

.init           0x000000009d000000        0x0
 *crti.o(.init)
 *crtbegin.o(.init)
 *(EXCLUDE_FILE(*crtn.o *crtend?.o *crtend.o) .init)
 *crtend.o(.init)
 *crtn.o(.init)
                0x000000009d000000                . = ALIGN (0x4)

.fini           0x000000009d000000        0x0
 *(.fini)
                0x000000009d000000                . = ALIGN (0x4)

.preinit_array  0x000000009d000000        0x0
                [!provide]                        PROVIDE (__preinit_array_start = .)
 *(.preinit_array)
                [!provide]                        PROVIDE (__preinit_array_end = .)
                0x000000009d000000                . = ALIGN (0x4)

.init_array     0x000000009d000000        0x0
                [!provide]                        PROVIDE (__init_array_start = .)
 *(SORT_BY_NAME(.init_array.*))
 *(.init_array)
                [!provide]                        PROVIDE (__init_array_end = .)
                0x000000009d000000                . = ALIGN (0x4)

.fini_array     0x000000009d000000        0x0
                [!provide]                        PROVIDE (__fini_array_start = .)
 *(SORT_BY_NAME(.fini_array.*))
 *(.fini_array)
                [!provide]                        PROVIDE (__fini_array_end = .)
                0x000000009d000000                . = ALIGN (0x4)

.ctors          0x000000009d000000        0x0
 *crtbegin.o(.ctors)
 *crtbegin?.o(.ctors)
 *(EXCLUDE_FILE(*crtend?.o *crtend.o) .ctors)
 *(SORT_BY_NAME(.ctors.*))
 *(.ctors)
                0x000000009d000000                . = ALIGN (0x4)

.dtors          0x000000009d000000        0x0
 *crtbegin.o(.dtors)
 *crtbegin?.o(.dtors)
 *(EXCLUDE_FILE(*crtend?.o *crtend.o) .dtors)
 *(SORT_BY_NAME(.dtors.*))
 *(.dtors)
                0x000000009d000000                . = ALIGN (0x4)

.rodata         0x000000009d000000        0x0
 *(.gnu.linkonce.r.*)
 *(.rodata1)
                0x000000009d000000                . = ALIGN (0x4)

.sdata2         0x000000009d000000        0x0
 *(.sdata2 .sdata2.* .gnu.linkonce.s2.*)
                0x000000009d000000                . = ALIGN (0x4)

.sbss2          0x000000009d000000        0x0
 *(.sbss2 .sbss2.* .gnu.linkonce.sb2.*)
                0x000000009d000000                . = ALIGN (0x4)

.eh_frame_hdr
 *(.eh_frame_hdr)
                0x000000009d000000                . = ALIGN (0x4)

.eh_frame
 *(.eh_frame)
                0x000000009d000000                . = ALIGN (0x4)

.gcc_except_table
 *(.gcc_except_table .gcc_except_table.*)
                0x000000009d000000                . = ALIGN (0x4)

.dbg_data       0x00000000a0000000        0x0
                0x00000000a0000000                . = (. + DEFINED (_DEBUGGER)?0x200:0x0)

.jcr            0x00000000a0000000        0x0
 *(.jcr)
                0x00000000a0000000                . = ALIGN (0x4)

.eh_frame
 *(.eh_frame)
                0x00000000a0000000                . = ALIGN (0x4)

.gcc_except_table
 *(.gcc_except_table .gcc_except_table.*)
                0x00000000a0000000                . = ALIGN (0x4)

.persist        0x00000000a0000000        0x0
                0x00000000a0000000                _persist_begin = .
 *(.persist .persist.*)
                0x00000000a0000000                . = ALIGN (0x4)
                0x00000000a0000000                _persist_end = .

.data           0x00000000a0000000        0x0
 *(.gnu.linkonce.d.*)
 *(.data1)
                0x00000000a0000000                . = ALIGN (0x4)
                0x00000000a0000000                . = .
                0x00000000a0007ff0                _gp = (ALIGN (0x10) + 0x7ff0)

.got            0x00000000a0000000        0x0
 *(.got.plt)
 *(.got)
                0x00000000a0000000                . = ALIGN (0x4)

.sdata          0x00000000a0000000       0x10
                0x00000000a0000000                _sdata_begin = .
 *(.sdata .sdata.* .gnu.linkonce.s.*)
 .sdata         0x00000000a0000000        0x2 build/default/production/source/Interrupts.o
                0x00000000a0000000                CAN_MastMode
                0x00000000a0000001                CAN_PitchMode
 *fill*         0x00000000a0000002        0x2 
 .sdata         0x00000000a0000004        0xc build/default/production/source/StateMachine_Volant.o
                0x00000000a0000004                Conv_end
                0x00000000a0000008                Rot_deg
                0x00000000a000000c                Rot_deg_ancien
                0x00000000a0000010                . = ALIGN (0x4)
                0x00000000a0000010                _sdata_end = .

.lit8
 *(.lit8)

.lit4
 *(.lit4)
                0x00000000a0000010                . = ALIGN (0x4)
                0x00000000a0000010                _data_end = .
                0x00000000a0000010                _bss_begin = .

.sbss           0x00000000a0000010       0xb8
                0x00000000a0000010                _sbss_begin = .
 *(.dynsbss)
 *(.sbss .sbss.* .gnu.linkonce.sb.*)
 .sbss          0x00000000a0000010       0x48 build/default/production/source/Interrupts.o
                0x00000000a0000010                Flag_Main_While
                0x00000000a0000014                Flag_500ms
                0x00000000a0000018                Flag_50ms
                0x00000000a000001c                Flag_CAN
                0x00000000a000001d                CAN_Gear
                0x00000000a0000020                CAN_Pitch
                0x00000000a0000024                CAN_PitchAlgo
                0x00000000a0000028                CAN_MastDir
                0x00000000a000002c                CAN_MastCalib
                0x00000000a0000030                CAN_WindTurbRPM
                0x00000000a0000034                CAN_WindSpeed
                0x00000000a0000038                CAN_WindDir
                0x00000000a000003c                CAN_Ivalue
                0x00000000a0000040                CAN_Vvalue
                0x00000000a0000044                CAN_WheelRPM
                0x00000000a0000048                oRotaryFlag
                0x00000000a000004c                CAN_Loadcell
                0x00000000a0000050                CAN_Torque
                0x00000000a0000054                bROPS
 .sbss          0x00000000a0000058       0x58 build/default/production/source/StateMachine_Volant.o
                0x00000000a0000058                display_test
                0x00000000a000005c                ChangeDetected
                0x00000000a000005e                DisplayArrayPOT
                0x00000000a0000060                DisplayArrayCNT
                0x00000000a0000062                TabSW
                0x00000000a0000064                Previous_TabSW
                0x00000000a0000066                Previous_Rot_amp
                0x00000000a0000068                bDBRunning
                0x00000000a000006c                Disp1
                0x00000000a000006d                Disp2
                0x00000000a000006e                Bright_lvl
                0x00000000a0000070                Rot_count
                0x00000000a0000072                Rot_add
                0x00000000a0000074                display_mode1
                0x00000000a0000075                display_mode2
 .sbss          0x00000000a00000b0        0xc ../../ChinookLib/ChinookLib.X/dist/default/production/ChinookLib.X.a(ChinookCan.o)
 *(.scommon)
 .scommon       0x00000000a00000bc        0x6 build/default/production/source/StateFunctions.o
                0x00000000a00000bc                pStateVolant
                0x00000000a00000c0                errorFlag
                0x00000000a00000c1                breakFlag
 .scommon       0x00000000a00000c2        0x4 build/default/production/source/StateMachine_Volant.o
                0x00000000a00000c2                Rot_amp
                0x00000000a00000c4                Rot_deg_abs
 .scommon       0x00000000a00000c6        0x0 build/default/production/source/main.o
                0x00000000a00000c6                _sbss_end = .
                0x00000000a00000c8                . = ALIGN (0x4)
 *fill*         0x00000000a00000c6        0x2 

.bss            0x00000000a00000c8     0x9460
 *(.dynbss)
 *(COMMON)
 COMMON         0x00000000a00000c8     0x9424 build/default/production/source/Interrupts.o
                0x00000000a00000c8                Chinook
                0x00000000a0008c6c                Can1MessageFifoArea
 COMMON         0x00000000a00094ec       0x3c build/default/production/source/StateFunctions.o
                0x00000000a00094ec                display2
                0x00000000a0009500                display3
                0x00000000a0009514                display1
                0x00000000a0009528                . = ALIGN ((. != 0x0)?0x4:0x1)
                0x00000000a0009528                . = ALIGN (0x4)
                0x00000000a0009528                _end = .
                0x00000000a0009528                _bss_end = .
                0x0000000000020000                _bmxdudba_address = LENGTH (kseg1_data_mem)
                0x0000000000020000                _bmxdupba_address = LENGTH (kseg1_data_mem)

/DISCARD/
 *(.pdr)
 *(.rel.dyn)
 *(.note.GNU-stack)
 *(.note.GNU-stack)
 *(.gnu_debuglink)
 *(.gnu.lto_*)
 *(.discard)

.gptab.sdata
 *(.gptab.data)
 *(.gptab.sdata)

.gptab.sbss
 *(.gptab.bss)
 *(.gptab.sbss)

.mdebug.abi32   0x0000000000000000        0x0
 *(.mdebug.abi32)
 .mdebug.abi32  0x0000000000000000        0x0 build/default/production/source/Interrupts.o
 .mdebug.abi32  0x0000000000000000        0x0 build/default/production/source/Setup.o
 .mdebug.abi32  0x0000000000000000        0x0 build/default/production/source/StateFunctions.o
 .mdebug.abi32  0x0000000000000000        0x0 build/default/production/source/StateMachine_Volant.o
 .mdebug.abi32  0x0000000000000000        0x0 build/default/production/source/main.o
 .mdebug.abi32  0x0000000000000000        0x0 ../../ChinookLib/ChinookLib.X/dist/default/production/ChinookLib.X.a(ChinookPorts.o)
 .mdebug.abi32  0x0000000000000000        0x0 ../../ChinookLib/ChinookLib.X/dist/default/production/ChinookLib.X.a(ChinookPwm.o)
 .mdebug.abi32  0x0000000000000000        0x0 ../../ChinookLib/ChinookLib.X/dist/default/production/ChinookLib.X.a(ChinookTimer.o)
 .mdebug.abi32  0x0000000000000000        0x0 ../../ChinookLib/ChinookLib.X/dist/default/production/ChinookLib.X.a(ChinookUart.o)
 .mdebug.abi32  0x0000000000000000        0x0 ../../ChinookLib/ChinookLib.X/dist/default/production/ChinookLib.X.a(ChinookSpi.o)
 .mdebug.abi32  0x0000000000000000        0x0 ../../ChinookLib/ChinookLib.X/dist/default/production/ChinookLib.X.a(ChinookAdc.o)
 .mdebug.abi32  0x0000000000000000        0x0 ../../ChinookLib/ChinookLib.X/dist/default/production/ChinookLib.X.a(ChinookCan.o)
 .mdebug.abi32  0x0000000000000000        0x0 /Applications/microchip/xc32/v4.10/bin/bin/../../lib/gcc/pic32mx/8.3.1/libgcc.a(floatunsisf.o)
 .mdebug.abi32  0x0000000000000000        0x0 /Applications/microchip/xc32/v4.10/bin/bin/../../lib/gcc/pic32mx/8.3.1/libgcc.a(floatunsidf.o)
 .mdebug.abi32  0x0000000000000000        0x0 /Applications/microchip/xc32/v4.10/bin/bin/../../lib/gcc/pic32mx/8.3.1/../../../../pic32mx/lib/libpic32.a(default-bootstrap-exception-handler.o)
 .mdebug.abi32  0x0000000000000000        0x0 /Applications/microchip/xc32/v4.10/bin/bin/../../lib/gcc/pic32mx/8.3.1/../../../../pic32mx/lib/libpic32.a(default-on-reset.o)
 .mdebug.abi32  0x0000000000000000        0x0 /Applications/microchip/xc32/v4.10/bin/bin/../../lib/gcc/pic32mx/8.3.1/../../../../pic32mx/lib/libpic32.a(default-on-bootstrap.o)
 .mdebug.abi32  0x0000000000000000        0x0 /Applications/microchip/xc32/v4.10/bin/bin/../../lib/gcc/pic32mx/8.3.1/../../../../pic32mx/lib/libpic32.a(default-general-exception-handler.o)
 .mdebug.abi32  0x0000000000000000        0x0 /Applications/microchip/xc32/v4.10/bin/bin/../../lib/gcc/pic32mx/8.3.1/../../../../pic32mx/lib/libpic32.a(defaultinterrupt.o)

.mdebug.abiN32
 *(.mdebug.abiN32)

.mdebug.abi64
 *(.mdebug.abi64)

.mdebug.abiO64
 *(.mdebug.abiO64)

.mdebug.eabi32
 *(.mdebug.eabi32)

.mdebug.eabi64
 *(.mdebug.eabi64)

.gcc_compiled_long32
 *(.gcc_compiled_long32)

.gcc_compiled_long64
 *(.gcc_compiled_long64)

.stab
 *(.stab)

.stabstr
 *(.stabstr)

.stab.excl
 *(.stab.excl)

.stab.exclstr
 *(.stab.exclstr)

.stab.index
 *(.stab.index)

.stab.indexstr
 *(.stab.indexstr)

.comment        0x0000000000000000       0x2b
 *(.comment)
 .comment       0x0000000000000000       0x2b build/default/production/source/Interrupts.o
                                         0x2c (size before relaxing)
 .comment       0x000000000000002b       0x2c build/default/production/source/Setup.o
 .comment       0x000000000000002b       0x2c build/default/production/source/StateFunctions.o
 .comment       0x000000000000002b       0x2c build/default/production/source/StateMachine_Volant.o
 .comment       0x000000000000002b       0x2c build/default/production/source/main.o
 .comment       0x000000000000002b       0x2c ../../ChinookLib/ChinookLib.X/dist/default/production/ChinookLib.X.a(ChinookPorts.o)
 .comment       0x000000000000002b       0x2c ../../ChinookLib/ChinookLib.X/dist/default/production/ChinookLib.X.a(ChinookPwm.o)
 .comment       0x000000000000002b       0x2c ../../ChinookLib/ChinookLib.X/dist/default/production/ChinookLib.X.a(ChinookTimer.o)
 .comment       0x000000000000002b       0x2c ../../ChinookLib/ChinookLib.X/dist/default/production/ChinookLib.X.a(ChinookUart.o)
 .comment       0x000000000000002b       0x2c ../../ChinookLib/ChinookLib.X/dist/default/production/ChinookLib.X.a(ChinookSpi.o)
 .comment       0x000000000000002b       0x2c ../../ChinookLib/ChinookLib.X/dist/default/production/ChinookLib.X.a(ChinookAdc.o)
 .comment       0x000000000000002b       0x2c ../../ChinookLib/ChinookLib.X/dist/default/production/ChinookLib.X.a(ChinookCan.o)
 .comment       0x000000000000002b       0x2c /Applications/microchip/xc32/v4.10/bin/bin/../../lib/gcc/pic32mx/8.3.1/libgcc.a(floatunsisf.o)
 .comment       0x000000000000002b       0x2c /Applications/microchip/xc32/v4.10/bin/bin/../../lib/gcc/pic32mx/8.3.1/libgcc.a(floatunsidf.o)
 .comment       0x000000000000002b       0x2c /Applications/microchip/xc32/v4.10/bin/bin/../../lib/gcc/pic32mx/8.3.1/../../../../pic32mx/lib/libpic32.a(default-bootstrap-exception-handler.o)
 .comment       0x000000000000002b       0x2c /Applications/microchip/xc32/v4.10/bin/bin/../../lib/gcc/pic32mx/8.3.1/../../../../pic32mx/lib/libpic32.a(default-on-reset.o)
 .comment       0x000000000000002b       0x2c /Applications/microchip/xc32/v4.10/bin/bin/../../lib/gcc/pic32mx/8.3.1/../../../../pic32mx/lib/libpic32.a(default-on-bootstrap.o)
 .comment       0x000000000000002b       0x2c /Applications/microchip/xc32/v4.10/bin/bin/../../lib/gcc/pic32mx/8.3.1/../../../../pic32mx/lib/libpic32.a(default-general-exception-handler.o)
 .comment       0x000000000000002b       0x2c /Applications/microchip/xc32/v4.10/bin/bin/../../lib/gcc/pic32mx/8.3.1/../../../../pic32mx/lib/libpic32.a(defaultinterrupt.o)

.debug
 *.elf(.debug)
 *(.debug)

.line
 *.elf(.line)
 *(.line)

.debug_srcinfo
 *.elf(.debug_srcinfo)
 *(.debug_srcinfo)

.debug_sfnames
 *.elf(.debug_sfnames)
 *(.debug_sfnames)

.debug_aranges  0x0000000000000000      0x260
 *.elf(.debug_aranges)
 *(.debug_aranges)
 .debug_aranges
                0x0000000000000000       0x20 build/default/production/source/Interrupts.o
 .debug_aranges
                0x0000000000000020       0x20 build/default/production/source/Setup.o
 .debug_aranges
                0x0000000000000040       0x20 build/default/production/source/StateFunctions.o
 .debug_aranges
                0x0000000000000060       0x20 build/default/production/source/StateMachine_Volant.o
 .debug_aranges
                0x0000000000000080       0x20 build/default/production/source/main.o
 .debug_aranges
                0x00000000000000a0       0x20 ../../ChinookLib/ChinookLib.X/dist/default/production/ChinookLib.X.a(ChinookPorts.o)
 .debug_aranges
                0x00000000000000c0       0x20 ../../ChinookLib/ChinookLib.X/dist/default/production/ChinookLib.X.a(ChinookPwm.o)
 .debug_aranges
                0x00000000000000e0       0x20 ../../ChinookLib/ChinookLib.X/dist/default/production/ChinookLib.X.a(ChinookTimer.o)
 .debug_aranges
                0x0000000000000100       0x20 ../../ChinookLib/ChinookLib.X/dist/default/production/ChinookLib.X.a(ChinookUart.o)
 .debug_aranges
                0x0000000000000120       0x20 ../../ChinookLib/ChinookLib.X/dist/default/production/ChinookLib.X.a(ChinookSpi.o)
 .debug_aranges
                0x0000000000000140       0x20 ../../ChinookLib/ChinookLib.X/dist/default/production/ChinookLib.X.a(ChinookAdc.o)
 .debug_aranges
                0x0000000000000160       0x20 ../../ChinookLib/ChinookLib.X/dist/default/production/ChinookLib.X.a(ChinookCan.o)
 .debug_aranges
                0x0000000000000180       0x20 /Applications/microchip/xc32/v4.10/bin/bin/../../lib/gcc/pic32mx/8.3.1/libgcc.a(floatunsisf.o)
 .debug_aranges
                0x00000000000001a0       0x20 /Applications/microchip/xc32/v4.10/bin/bin/../../lib/gcc/pic32mx/8.3.1/libgcc.a(floatunsidf.o)
 .debug_aranges
                0x00000000000001c0       0x20 /Applications/microchip/xc32/v4.10/bin/bin/../../lib/gcc/pic32mx/8.3.1/../../../../pic32mx/lib/libpic32.a(default-bootstrap-exception-handler.o)
 .debug_aranges
                0x00000000000001e0       0x20 /Applications/microchip/xc32/v4.10/bin/bin/../../lib/gcc/pic32mx/8.3.1/../../../../pic32mx/lib/libpic32.a(default-on-reset.o)
 .debug_aranges
                0x0000000000000200       0x20 /Applications/microchip/xc32/v4.10/bin/bin/../../lib/gcc/pic32mx/8.3.1/../../../../pic32mx/lib/libpic32.a(default-on-bootstrap.o)
 .debug_aranges
                0x0000000000000220       0x20 /Applications/microchip/xc32/v4.10/bin/bin/../../lib/gcc/pic32mx/8.3.1/../../../../pic32mx/lib/libpic32.a(default-general-exception-handler.o)
 .debug_aranges
                0x0000000000000240       0x20 /Applications/microchip/xc32/v4.10/bin/bin/../../lib/gcc/pic32mx/8.3.1/../../../../pic32mx/lib/libpic32.a(defaultinterrupt.o)

.debug_pubnames
 *.elf(.debug_pubnames)
 *(.debug_pubnames)

.debug_info     0x0000000000000000    0x31940
 *.elf(.debug_info .gnu.linkonce.wi.*)
 *(.debug_info .gnu.linkonce.wi.*)
 .debug_info    0x0000000000000000     0x552a build/default/production/source/Interrupts.o
 .debug_info    0x000000000000552a     0x4dd6 build/default/production/source/Setup.o
 .debug_info    0x000000000000a300     0x4fe7 build/default/production/source/StateFunctions.o
 .debug_info    0x000000000000f2e7     0x55b8 build/default/production/source/StateMachine_Volant.o
 .debug_info    0x000000000001489f     0x4d5f build/default/production/source/main.o
 .debug_info    0x00000000000195fe     0x3978 ../../ChinookLib/ChinookLib.X/dist/default/production/ChinookLib.X.a(ChinookPorts.o)
 .debug_info    0x000000000001cf76     0x2dae ../../ChinookLib/ChinookLib.X/dist/default/production/ChinookLib.X.a(ChinookPwm.o)
 .debug_info    0x000000000001fd24     0x3962 ../../ChinookLib/ChinookLib.X/dist/default/production/ChinookLib.X.a(ChinookTimer.o)
 .debug_info    0x0000000000023686     0x39a4 ../../ChinookLib/ChinookLib.X/dist/default/production/ChinookLib.X.a(ChinookUart.o)
 .debug_info    0x000000000002702a     0x3d57 ../../ChinookLib/ChinookLib.X/dist/default/production/ChinookLib.X.a(ChinookSpi.o)
 .debug_info    0x000000000002ad81     0x2f5a ../../ChinookLib/ChinookLib.X/dist/default/production/ChinookLib.X.a(ChinookAdc.o)
 .debug_info    0x000000000002dcdb     0x39d9 ../../ChinookLib/ChinookLib.X/dist/default/production/ChinookLib.X.a(ChinookCan.o)
 .debug_info    0x00000000000316b4       0x9d /Applications/microchip/xc32/v4.10/bin/bin/../../lib/gcc/pic32mx/8.3.1/libgcc.a(floatunsisf.o)
 .debug_info    0x0000000000031751       0xaf /Applications/microchip/xc32/v4.10/bin/bin/../../lib/gcc/pic32mx/8.3.1/libgcc.a(floatunsidf.o)
 .debug_info    0x0000000000031800       0x41 /Applications/microchip/xc32/v4.10/bin/bin/../../lib/gcc/pic32mx/8.3.1/../../../../pic32mx/lib/libpic32.a(default-bootstrap-exception-handler.o)
 .debug_info    0x0000000000031841       0x3f /Applications/microchip/xc32/v4.10/bin/bin/../../lib/gcc/pic32mx/8.3.1/../../../../pic32mx/lib/libpic32.a(default-on-reset.o)
 .debug_info    0x0000000000031880       0x3f /Applications/microchip/xc32/v4.10/bin/bin/../../lib/gcc/pic32mx/8.3.1/../../../../pic32mx/lib/libpic32.a(default-on-bootstrap.o)
 .debug_info    0x00000000000318bf       0x41 /Applications/microchip/xc32/v4.10/bin/bin/../../lib/gcc/pic32mx/8.3.1/../../../../pic32mx/lib/libpic32.a(default-general-exception-handler.o)
 .debug_info    0x0000000000031900       0x40 /Applications/microchip/xc32/v4.10/bin/bin/../../lib/gcc/pic32mx/8.3.1/../../../../pic32mx/lib/libpic32.a(defaultinterrupt.o)

.debug_abbrev   0x0000000000000000     0x44ad
 *.elf(.debug_abbrev)
 *(.debug_abbrev)
 .debug_abbrev  0x0000000000000000      0x5ab build/default/production/source/Interrupts.o
 .debug_abbrev  0x00000000000005ab      0x5a0 build/default/production/source/Setup.o
 .debug_abbrev  0x0000000000000b4b      0x5b1 build/default/production/source/StateFunctions.o
 .debug_abbrev  0x00000000000010fc      0x5e5 build/default/production/source/StateMachine_Volant.o
 .debug_abbrev  0x00000000000016e1      0x56c build/default/production/source/main.o
 .debug_abbrev  0x0000000000001c4d      0x59a ../../ChinookLib/ChinookLib.X/dist/default/production/ChinookLib.X.a(ChinookPorts.o)
 .debug_abbrev  0x00000000000021e7      0x529 ../../ChinookLib/ChinookLib.X/dist/default/production/ChinookLib.X.a(ChinookPwm.o)
 .debug_abbrev  0x0000000000002710      0x59f ../../ChinookLib/ChinookLib.X/dist/default/production/ChinookLib.X.a(ChinookTimer.o)
 .debug_abbrev  0x0000000000002caf      0x5bc ../../ChinookLib/ChinookLib.X/dist/default/production/ChinookLib.X.a(ChinookUart.o)
 .debug_abbrev  0x000000000000326b      0x59d ../../ChinookLib/ChinookLib.X/dist/default/production/ChinookLib.X.a(ChinookSpi.o)
 .debug_abbrev  0x0000000000003808      0x569 ../../ChinookLib/ChinookLib.X/dist/default/production/ChinookLib.X.a(ChinookAdc.o)
 .debug_abbrev  0x0000000000003d71      0x553 ../../ChinookLib/ChinookLib.X/dist/default/production/ChinookLib.X.a(ChinookCan.o)
 .debug_abbrev  0x00000000000042c4       0x7d /Applications/microchip/xc32/v4.10/bin/bin/../../lib/gcc/pic32mx/8.3.1/libgcc.a(floatunsisf.o)
 .debug_abbrev  0x0000000000004341       0x7d /Applications/microchip/xc32/v4.10/bin/bin/../../lib/gcc/pic32mx/8.3.1/libgcc.a(floatunsidf.o)
 .debug_abbrev  0x00000000000043be       0x31 /Applications/microchip/xc32/v4.10/bin/bin/../../lib/gcc/pic32mx/8.3.1/../../../../pic32mx/lib/libpic32.a(default-bootstrap-exception-handler.o)
 .debug_abbrev  0x00000000000043ef       0x2e /Applications/microchip/xc32/v4.10/bin/bin/../../lib/gcc/pic32mx/8.3.1/../../../../pic32mx/lib/libpic32.a(default-on-reset.o)
 .debug_abbrev  0x000000000000441d       0x2e /Applications/microchip/xc32/v4.10/bin/bin/../../lib/gcc/pic32mx/8.3.1/../../../../pic32mx/lib/libpic32.a(default-on-bootstrap.o)
 .debug_abbrev  0x000000000000444b       0x31 /Applications/microchip/xc32/v4.10/bin/bin/../../lib/gcc/pic32mx/8.3.1/../../../../pic32mx/lib/libpic32.a(default-general-exception-handler.o)
 .debug_abbrev  0x000000000000447c       0x31 /Applications/microchip/xc32/v4.10/bin/bin/../../lib/gcc/pic32mx/8.3.1/../../../../pic32mx/lib/libpic32.a(defaultinterrupt.o)

.debug_line     0x0000000000000000     0xbbc8
 *.elf(.debug_line)
 *(.debug_line)
 .debug_line    0x0000000000000000      0xea3 build/default/production/source/Interrupts.o
 .debug_line    0x0000000000000ea3      0xf60 build/default/production/source/Setup.o
 .debug_line    0x0000000000001e03      0xf4c build/default/production/source/StateFunctions.o
 .debug_line    0x0000000000002d4f     0x12cd build/default/production/source/StateMachine_Volant.o
 .debug_line    0x000000000000401c      0xda6 build/default/production/source/main.o
 .debug_line    0x0000000000004dc2     0x159e ../../ChinookLib/ChinookLib.X/dist/default/production/ChinookLib.X.a(ChinookPorts.o)
 .debug_line    0x0000000000006360      0xd33 ../../ChinookLib/ChinookLib.X/dist/default/production/ChinookLib.X.a(ChinookPwm.o)
 .debug_line    0x0000000000007093      0xf3d ../../ChinookLib/ChinookLib.X/dist/default/production/ChinookLib.X.a(ChinookTimer.o)
 .debug_line    0x0000000000007fd0      0xe59 ../../ChinookLib/ChinookLib.X/dist/default/production/ChinookLib.X.a(ChinookUart.o)
 .debug_line    0x0000000000008e29      0xd81 ../../ChinookLib/ChinookLib.X/dist/default/production/ChinookLib.X.a(ChinookSpi.o)
 .debug_line    0x0000000000009baa      0xded ../../ChinookLib/ChinookLib.X/dist/default/production/ChinookLib.X.a(ChinookAdc.o)
 .debug_line    0x000000000000a997      0xd00 ../../ChinookLib/ChinookLib.X/dist/default/production/ChinookLib.X.a(ChinookCan.o)
 .debug_line    0x000000000000b697       0xbc /Applications/microchip/xc32/v4.10/bin/bin/../../lib/gcc/pic32mx/8.3.1/libgcc.a(floatunsisf.o)
 .debug_line    0x000000000000b753       0xc0 /Applications/microchip/xc32/v4.10/bin/bin/../../lib/gcc/pic32mx/8.3.1/libgcc.a(floatunsidf.o)
 .debug_line    0x000000000000b813       0xcc /Applications/microchip/xc32/v4.10/bin/bin/../../lib/gcc/pic32mx/8.3.1/../../../../pic32mx/lib/libpic32.a(default-bootstrap-exception-handler.o)
 .debug_line    0x000000000000b8df       0xa8 /Applications/microchip/xc32/v4.10/bin/bin/../../lib/gcc/pic32mx/8.3.1/../../../../pic32mx/lib/libpic32.a(default-on-reset.o)
 .debug_line    0x000000000000b987       0xac /Applications/microchip/xc32/v4.10/bin/bin/../../lib/gcc/pic32mx/8.3.1/../../../../pic32mx/lib/libpic32.a(default-on-bootstrap.o)
 .debug_line    0x000000000000ba33       0xca /Applications/microchip/xc32/v4.10/bin/bin/../../lib/gcc/pic32mx/8.3.1/../../../../pic32mx/lib/libpic32.a(default-general-exception-handler.o)
 .debug_line    0x000000000000bafd       0xcb /Applications/microchip/xc32/v4.10/bin/bin/../../lib/gcc/pic32mx/8.3.1/../../../../pic32mx/lib/libpic32.a(defaultinterrupt.o)

.debug_frame    0x0000000000000000     0x9c50
 *.elf(.debug_frame)
 *(.debug_frame)
 .debug_frame   0x0000000000000000      0xcdc build/default/production/source/Interrupts.o
 .debug_frame   0x0000000000000cdc      0xc60 build/default/production/source/Setup.o
 .debug_frame   0x000000000000193c      0xc0c build/default/production/source/StateFunctions.o
 .debug_frame   0x0000000000002548      0xbf8 build/default/production/source/StateMachine_Volant.o
 .debug_frame   0x0000000000003140      0xafc build/default/production/source/main.o
 .debug_frame   0x0000000000003c3c     0x13d0 ../../ChinookLib/ChinookLib.X/dist/default/production/ChinookLib.X.a(ChinookPorts.o)
 .debug_frame   0x000000000000500c      0xbc4 ../../ChinookLib/ChinookLib.X/dist/default/production/ChinookLib.X.a(ChinookPwm.o)
 .debug_frame   0x0000000000005bd0      0xd08 ../../ChinookLib/ChinookLib.X/dist/default/production/ChinookLib.X.a(ChinookTimer.o)
 .debug_frame   0x00000000000068d8      0xd34 ../../ChinookLib/ChinookLib.X/dist/default/production/ChinookLib.X.a(ChinookUart.o)
 .debug_frame   0x000000000000760c      0xcfc ../../ChinookLib/ChinookLib.X/dist/default/production/ChinookLib.X.a(ChinookSpi.o)
 .debug_frame   0x0000000000008308      0xbcc ../../ChinookLib/ChinookLib.X/dist/default/production/ChinookLib.X.a(ChinookAdc.o)
 .debug_frame   0x0000000000008ed4      0xc6c ../../ChinookLib/ChinookLib.X/dist/default/production/ChinookLib.X.a(ChinookCan.o)
 .debug_frame   0x0000000000009b40       0x2c /Applications/microchip/xc32/v4.10/bin/bin/../../lib/gcc/pic32mx/8.3.1/libgcc.a(floatunsisf.o)
 .debug_frame   0x0000000000009b6c       0x2c /Applications/microchip/xc32/v4.10/bin/bin/../../lib/gcc/pic32mx/8.3.1/libgcc.a(floatunsidf.o)
 .debug_frame   0x0000000000009b98       0x2c /Applications/microchip/xc32/v4.10/bin/bin/../../lib/gcc/pic32mx/8.3.1/../../../../pic32mx/lib/libpic32.a(default-bootstrap-exception-handler.o)
 .debug_frame   0x0000000000009bc4       0x20 /Applications/microchip/xc32/v4.10/bin/bin/../../lib/gcc/pic32mx/8.3.1/../../../../pic32mx/lib/libpic32.a(default-on-reset.o)
 .debug_frame   0x0000000000009be4       0x20 /Applications/microchip/xc32/v4.10/bin/bin/../../lib/gcc/pic32mx/8.3.1/../../../../pic32mx/lib/libpic32.a(default-on-bootstrap.o)
 .debug_frame   0x0000000000009c04       0x2c /Applications/microchip/xc32/v4.10/bin/bin/../../lib/gcc/pic32mx/8.3.1/../../../../pic32mx/lib/libpic32.a(default-general-exception-handler.o)
 .debug_frame   0x0000000000009c30       0x20 /Applications/microchip/xc32/v4.10/bin/bin/../../lib/gcc/pic32mx/8.3.1/../../../../pic32mx/lib/libpic32.a(defaultinterrupt.o)

.debug_str      0x0000000000000000    0x20069
 *.elf(.debug_str)
 *(.debug_str)
 .debug_str     0x0000000000000000     0x3ab9 build/default/production/source/Interrupts.o
 .debug_str     0x0000000000003ab9     0x3144 build/default/production/source/Setup.o
 .debug_str     0x0000000000006bfd     0x317b build/default/production/source/StateFunctions.o
 .debug_str     0x0000000000009d78     0x352e build/default/production/source/StateMachine_Volant.o
 .debug_str     0x000000000000d2a6     0x304a build/default/production/source/main.o
 .debug_str     0x00000000000102f0     0x1d70 ../../ChinookLib/ChinookLib.X/dist/default/production/ChinookLib.X.a(ChinookPorts.o)
 .debug_str     0x0000000000012060     0x1898 ../../ChinookLib/ChinookLib.X/dist/default/production/ChinookLib.X.a(ChinookPwm.o)
 .debug_str     0x00000000000138f8     0x1d01 ../../ChinookLib/ChinookLib.X/dist/default/production/ChinookLib.X.a(ChinookTimer.o)
 .debug_str     0x00000000000155f9     0x274b ../../ChinookLib/ChinookLib.X/dist/default/production/ChinookLib.X.a(ChinookUart.o)
 .debug_str     0x0000000000017d44     0x286c ../../ChinookLib/ChinookLib.X/dist/default/production/ChinookLib.X.a(ChinookSpi.o)
 .debug_str     0x000000000001a5b0     0x1932 ../../ChinookLib/ChinookLib.X/dist/default/production/ChinookLib.X.a(ChinookAdc.o)
 .debug_str     0x000000000001bee2     0x2a9b ../../ChinookLib/ChinookLib.X/dist/default/production/ChinookLib.X.a(ChinookCan.o)
 .debug_str     0x000000000001e97d      0x2f1 /Applications/microchip/xc32/v4.10/bin/bin/../../lib/gcc/pic32mx/8.3.1/libgcc.a(floatunsisf.o)
 .debug_str     0x000000000001ec6e      0x2f2 /Applications/microchip/xc32/v4.10/bin/bin/../../lib/gcc/pic32mx/8.3.1/libgcc.a(floatunsidf.o)
 .debug_str     0x000000000001ef60      0x379 /Applications/microchip/xc32/v4.10/bin/bin/../../lib/gcc/pic32mx/8.3.1/../../../../pic32mx/lib/libpic32.a(default-bootstrap-exception-handler.o)
 .debug_str     0x000000000001f2d9      0x353 /Applications/microchip/xc32/v4.10/bin/bin/../../lib/gcc/pic32mx/8.3.1/../../../../pic32mx/lib/libpic32.a(default-on-reset.o)
 .debug_str     0x000000000001f62c      0x35b /Applications/microchip/xc32/v4.10/bin/bin/../../lib/gcc/pic32mx/8.3.1/../../../../pic32mx/lib/libpic32.a(default-on-bootstrap.o)
 .debug_str     0x000000000001f987      0x375 /Applications/microchip/xc32/v4.10/bin/bin/../../lib/gcc/pic32mx/8.3.1/../../../../pic32mx/lib/libpic32.a(default-general-exception-handler.o)
 .debug_str     0x000000000001fcfc      0x36d /Applications/microchip/xc32/v4.10/bin/bin/../../lib/gcc/pic32mx/8.3.1/../../../../pic32mx/lib/libpic32.a(defaultinterrupt.o)

.debug_loc      0x0000000000000000      0x16c
 *.elf(.debug_loc)
 *(.debug_loc)
 .debug_loc     0x0000000000000000       0x84 /Applications/microchip/xc32/v4.10/bin/bin/../../lib/gcc/pic32mx/8.3.1/libgcc.a(floatunsisf.o)
 .debug_loc     0x0000000000000084       0x90 /Applications/microchip/xc32/v4.10/bin/bin/../../lib/gcc/pic32mx/8.3.1/libgcc.a(floatunsidf.o)
 .debug_loc     0x0000000000000114       0x2c /Applications/microchip/xc32/v4.10/bin/bin/../../lib/gcc/pic32mx/8.3.1/../../../../pic32mx/lib/libpic32.a(default-bootstrap-exception-handler.o)
 .debug_loc     0x0000000000000140       0x2c /Applications/microchip/xc32/v4.10/bin/bin/../../lib/gcc/pic32mx/8.3.1/../../../../pic32mx/lib/libpic32.a(default-general-exception-handler.o)

.debug_macinfo
 *.elf(.debug_macinfo)
 *(.debug_macinfo)

.debug_weaknames
 *.elf(.debug_weaknames)
 *(.debug_weaknames)

.debug_funcnames
 *.elf(.debug_funcnames)
 *(.debug_funcnames)

.debug_typenames
 *.elf(.debug_typenames)
 *(.debug_typenames)

.debug_varnames
 *.elf(.debug_varnames)
 *(.debug_varnames)

.debug_pubtypes
 *.elf(.debug_pubtypes)
 *(.debug_pubtypes)

.debug_ranges   0x0000000000000000       0x50
 *.elf(.debug_ranges)
 *(.debug_ranges)
 .debug_ranges  0x0000000000000000       0x10 /Applications/microchip/xc32/v4.10/bin/bin/../../lib/gcc/pic32mx/8.3.1/../../../../pic32mx/lib/libpic32.a(default-bootstrap-exception-handler.o)
 .debug_ranges  0x0000000000000010       0x10 /Applications/microchip/xc32/v4.10/bin/bin/../../lib/gcc/pic32mx/8.3.1/../../../../pic32mx/lib/libpic32.a(default-on-reset.o)
 .debug_ranges  0x0000000000000020       0x10 /Applications/microchip/xc32/v4.10/bin/bin/../../lib/gcc/pic32mx/8.3.1/../../../../pic32mx/lib/libpic32.a(default-on-bootstrap.o)
 .debug_ranges  0x0000000000000030       0x10 /Applications/microchip/xc32/v4.10/bin/bin/../../lib/gcc/pic32mx/8.3.1/../../../../pic32mx/lib/libpic32.a(default-general-exception-handler.o)
 .debug_ranges  0x0000000000000040       0x10 /Applications/microchip/xc32/v4.10/bin/bin/../../lib/gcc/pic32mx/8.3.1/../../../../pic32mx/lib/libpic32.a(defaultinterrupt.o)

.gnu.attributes
                0x0000000000000000       0x10
 *(.gnu.attributes)
 .gnu.attributes
                0x0000000000000000       0x10 /Applications/microchip/xc32/v4.10/bin/bin/../../lib/gcc/pic32mx/8.3.1/../../../../pic32mx/lib/debug-exception-return.o
 .gnu.attributes
                0x0000000000000010       0x10 build/default/production/source/Interrupts.o
 .gnu.attributes
                0x0000000000000020       0x10 build/default/production/source/Setup.o
 .gnu.attributes
                0x0000000000000030       0x10 build/default/production/source/StateFunctions.o
 .gnu.attributes
                0x0000000000000040       0x10 build/default/production/source/StateMachine_Volant.o
 .gnu.attributes
                0x0000000000000050       0x10 build/default/production/source/main.o
 .gnu.attributes
                0x0000000000000060       0x10 ../../ChinookLib/ChinookLib.X/dist/default/production/ChinookLib.X.a(ChinookPorts.o)
 .gnu.attributes
                0x0000000000000070       0x10 ../../ChinookLib/ChinookLib.X/dist/default/production/ChinookLib.X.a(ChinookPwm.o)
 .gnu.attributes
                0x0000000000000080       0x10 ../../ChinookLib/ChinookLib.X/dist/default/production/ChinookLib.X.a(ChinookTimer.o)
 .gnu.attributes
                0x0000000000000090       0x10 ../../ChinookLib/ChinookLib.X/dist/default/production/ChinookLib.X.a(ChinookUart.o)
 .gnu.attributes
                0x00000000000000a0       0x10 ../../ChinookLib/ChinookLib.X/dist/default/production/ChinookLib.X.a(ChinookSpi.o)
 .gnu.attributes
                0x00000000000000b0       0x10 ../../ChinookLib/ChinookLib.X/dist/default/production/ChinookLib.X.a(ChinookAdc.o)
 .gnu.attributes
                0x00000000000000c0       0x10 ../../ChinookLib/ChinookLib.X/dist/default/production/ChinookLib.X.a(ChinookCan.o)
 .gnu.attributes
                0x00000000000000d0       0x10 /var/folders/p6/h4m6v5kx7236rmr32rnvdz_w0000gn/T//ccbZZKnJ.o
 .gnu.attributes
                0x00000000000000e0       0x10 /var/folders/p6/h4m6v5kx7236rmr32rnvdz_w0000gn/T//ccvsYegX.o
 .gnu.attributes
                0x00000000000000f0       0x10 /var/folders/p6/h4m6v5kx7236rmr32rnvdz_w0000gn/T//cc1g03XP.o
 .gnu.attributes
                0x0000000000000100       0x10 /Applications/microchip/xc32/v4.10/bin/bin/../../lib/gcc/pic32mx/8.3.1/../../../../pic32mx/lib/pic32_software_reset.o
 .gnu.attributes
                0x0000000000000110       0x10 /Applications/microchip/xc32/v4.10/bin/bin/../../lib/gcc/pic32mx/8.3.1/libgcc.a(floatunsisf.o)
 .gnu.attributes
                0x0000000000000120       0x10 /Applications/microchip/xc32/v4.10/bin/bin/../../lib/gcc/pic32mx/8.3.1/libgcc.a(floatunsidf.o)
 .gnu.attributes
                0x0000000000000130       0x10 /Applications/microchip/xc32/v4.10/bin/bin/../../lib/gcc/pic32mx/8.3.1/../../../../pic32mx/lib/libpic32.a(memcpy.o)
 .gnu.attributes
                0x0000000000000140       0x10 /Applications/microchip/xc32/v4.10/bin/bin/../../lib/gcc/pic32mx/8.3.1/../../../../pic32mx/lib/libpic32.a(default-bootstrap-exception-handler.o)
 .gnu.attributes
                0x0000000000000150       0x10 /Applications/microchip/xc32/v4.10/bin/bin/../../lib/gcc/pic32mx/8.3.1/../../../../pic32mx/lib/libpic32.a(default-on-reset.o)
 .gnu.attributes
                0x0000000000000160       0x10 /Applications/microchip/xc32/v4.10/bin/bin/../../lib/gcc/pic32mx/8.3.1/../../../../pic32mx/lib/libpic32.a(default-on-bootstrap.o)
 .gnu.attributes
                0x0000000000000170       0x10 /Applications/microchip/xc32/v4.10/bin/bin/../../lib/gcc/pic32mx/8.3.1/../../../../pic32mx/lib/libpic32.a(default-nmi-handler.o)
 .gnu.attributes
                0x0000000000000180       0x10 /Applications/microchip/xc32/v4.10/bin/bin/../../lib/gcc/pic32mx/8.3.1/../../../../pic32mx/lib/libpic32.a(pic32_data_init.o)
 .gnu.attributes
                0x0000000000000190       0x10 /Applications/microchip/xc32/v4.10/bin/bin/../../lib/gcc/pic32mx/8.3.1/../../../../pic32mx/lib/libpic32.a(general-exception.o)
 .gnu.attributes
                0x00000000000001a0       0x10 /Applications/microchip/xc32/v4.10/bin/bin/../../lib/gcc/pic32mx/8.3.1/../../../../pic32mx/lib/libpic32.a(vector0.o)
 .gnu.attributes
                0x00000000000001b0       0x10 /Applications/microchip/xc32/v4.10/bin/bin/../../lib/gcc/pic32mx/8.3.1/../../../../pic32mx/lib/libpic32.a(vector1.o)
 .gnu.attributes
                0x00000000000001c0       0x10 /Applications/microchip/xc32/v4.10/bin/bin/../../lib/gcc/pic32mx/8.3.1/../../../../pic32mx/lib/libpic32.a(vector2.o)
 .gnu.attributes
                0x00000000000001d0       0x10 /Applications/microchip/xc32/v4.10/bin/bin/../../lib/gcc/pic32mx/8.3.1/../../../../pic32mx/lib/libpic32.a(vector3.o)
 .gnu.attributes
                0x00000000000001e0       0x10 /Applications/microchip/xc32/v4.10/bin/bin/../../lib/gcc/pic32mx/8.3.1/../../../../pic32mx/lib/libpic32.a(vector5.o)
 .gnu.attributes
                0x00000000000001f0       0x10 /Applications/microchip/xc32/v4.10/bin/bin/../../lib/gcc/pic32mx/8.3.1/../../../../pic32mx/lib/libpic32.a(vector6.o)
 .gnu.attributes
                0x0000000000000200       0x10 /Applications/microchip/xc32/v4.10/bin/bin/../../lib/gcc/pic32mx/8.3.1/../../../../pic32mx/lib/libpic32.a(vector7.o)
 .gnu.attributes
                0x0000000000000210       0x10 /Applications/microchip/xc32/v4.10/bin/bin/../../lib/gcc/pic32mx/8.3.1/../../../../pic32mx/lib/libpic32.a(vector9.o)
 .gnu.attributes
                0x0000000000000220       0x10 /Applications/microchip/xc32/v4.10/bin/bin/../../lib/gcc/pic32mx/8.3.1/../../../../pic32mx/lib/libpic32.a(vector10.o)
 .gnu.attributes
                0x0000000000000230       0x10 /Applications/microchip/xc32/v4.10/bin/bin/../../lib/gcc/pic32mx/8.3.1/../../../../pic32mx/lib/libpic32.a(vector11.o)
 .gnu.attributes
                0x0000000000000240       0x10 /Applications/microchip/xc32/v4.10/bin/bin/../../lib/gcc/pic32mx/8.3.1/../../../../pic32mx/lib/libpic32.a(vector12.o)
 .gnu.attributes
                0x0000000000000250       0x10 /Applications/microchip/xc32/v4.10/bin/bin/../../lib/gcc/pic32mx/8.3.1/../../../../pic32mx/lib/libpic32.a(vector13.o)
 .gnu.attributes
                0x0000000000000260       0x10 /Applications/microchip/xc32/v4.10/bin/bin/../../lib/gcc/pic32mx/8.3.1/../../../../pic32mx/lib/libpic32.a(vector14.o)
 .gnu.attributes
                0x0000000000000270       0x10 /Applications/microchip/xc32/v4.10/bin/bin/../../lib/gcc/pic32mx/8.3.1/../../../../pic32mx/lib/libpic32.a(vector15.o)
 .gnu.attributes
                0x0000000000000280       0x10 /Applications/microchip/xc32/v4.10/bin/bin/../../lib/gcc/pic32mx/8.3.1/../../../../pic32mx/lib/libpic32.a(vector17.o)
 .gnu.attributes
                0x0000000000000290       0x10 /Applications/microchip/xc32/v4.10/bin/bin/../../lib/gcc/pic32mx/8.3.1/../../../../pic32mx/lib/libpic32.a(vector18.o)
 .gnu.attributes
                0x00000000000002a0       0x10 /Applications/microchip/xc32/v4.10/bin/bin/../../lib/gcc/pic32mx/8.3.1/../../../../pic32mx/lib/libpic32.a(vector19.o)
 .gnu.attributes
                0x00000000000002b0       0x10 /Applications/microchip/xc32/v4.10/bin/bin/../../lib/gcc/pic32mx/8.3.1/../../../../pic32mx/lib/libpic32.a(vector20.o)
 .gnu.attributes
                0x00000000000002c0       0x10 /Applications/microchip/xc32/v4.10/bin/bin/../../lib/gcc/pic32mx/8.3.1/../../../../pic32mx/lib/libpic32.a(vector21.o)
 .gnu.attributes
                0x00000000000002d0       0x10 /Applications/microchip/xc32/v4.10/bin/bin/../../lib/gcc/pic32mx/8.3.1/../../../../pic32mx/lib/libpic32.a(vector22.o)
 .gnu.attributes
                0x00000000000002e0       0x10 /Applications/microchip/xc32/v4.10/bin/bin/../../lib/gcc/pic32mx/8.3.1/../../../../pic32mx/lib/libpic32.a(vector23.o)
 .gnu.attributes
                0x00000000000002f0       0x10 /Applications/microchip/xc32/v4.10/bin/bin/../../lib/gcc/pic32mx/8.3.1/../../../../pic32mx/lib/libpic32.a(vector24.o)
 .gnu.attributes
                0x0000000000000300       0x10 /Applications/microchip/xc32/v4.10/bin/bin/../../lib/gcc/pic32mx/8.3.1/../../../../pic32mx/lib/libpic32.a(vector25.o)
 .gnu.attributes
                0x0000000000000310       0x10 /Applications/microchip/xc32/v4.10/bin/bin/../../lib/gcc/pic32mx/8.3.1/../../../../pic32mx/lib/libpic32.a(vector26.o)
 .gnu.attributes
                0x0000000000000320       0x10 /Applications/microchip/xc32/v4.10/bin/bin/../../lib/gcc/pic32mx/8.3.1/../../../../pic32mx/lib/libpic32.a(vector28.o)
 .gnu.attributes
                0x0000000000000330       0x10 /Applications/microchip/xc32/v4.10/bin/bin/../../lib/gcc/pic32mx/8.3.1/../../../../pic32mx/lib/libpic32.a(vector29.o)
 .gnu.attributes
                0x0000000000000340       0x10 /Applications/microchip/xc32/v4.10/bin/bin/../../lib/gcc/pic32mx/8.3.1/../../../../pic32mx/lib/libpic32.a(vector30.o)
 .gnu.attributes
                0x0000000000000350       0x10 /Applications/microchip/xc32/v4.10/bin/bin/../../lib/gcc/pic32mx/8.3.1/../../../../pic32mx/lib/libpic32.a(vector31.o)
 .gnu.attributes
                0x0000000000000360       0x10 /Applications/microchip/xc32/v4.10/bin/bin/../../lib/gcc/pic32mx/8.3.1/../../../../pic32mx/lib/libpic32.a(vector32.o)
 .gnu.attributes
                0x0000000000000370       0x10 /Applications/microchip/xc32/v4.10/bin/bin/../../lib/gcc/pic32mx/8.3.1/../../../../pic32mx/lib/libpic32.a(vector33.o)
 .gnu.attributes
                0x0000000000000380       0x10 /Applications/microchip/xc32/v4.10/bin/bin/../../lib/gcc/pic32mx/8.3.1/../../../../pic32mx/lib/libpic32.a(vector34.o)
 .gnu.attributes
                0x0000000000000390       0x10 /Applications/microchip/xc32/v4.10/bin/bin/../../lib/gcc/pic32mx/8.3.1/../../../../pic32mx/lib/libpic32.a(vector35.o)
 .gnu.attributes
                0x00000000000003a0       0x10 /Applications/microchip/xc32/v4.10/bin/bin/../../lib/gcc/pic32mx/8.3.1/../../../../pic32mx/lib/libpic32.a(vector36.o)
 .gnu.attributes
                0x00000000000003b0       0x10 /Applications/microchip/xc32/v4.10/bin/bin/../../lib/gcc/pic32mx/8.3.1/../../../../pic32mx/lib/libpic32.a(vector37.o)
 .gnu.attributes
                0x00000000000003c0       0x10 /Applications/microchip/xc32/v4.10/bin/bin/../../lib/gcc/pic32mx/8.3.1/../../../../pic32mx/lib/libpic32.a(vector38.o)
 .gnu.attributes
                0x00000000000003d0       0x10 /Applications/microchip/xc32/v4.10/bin/bin/../../lib/gcc/pic32mx/8.3.1/../../../../pic32mx/lib/libpic32.a(vector39.o)
 .gnu.attributes
                0x00000000000003e0       0x10 /Applications/microchip/xc32/v4.10/bin/bin/../../lib/gcc/pic32mx/8.3.1/../../../../pic32mx/lib/libpic32.a(vector40.o)
 .gnu.attributes
                0x00000000000003f0       0x10 /Applications/microchip/xc32/v4.10/bin/bin/../../lib/gcc/pic32mx/8.3.1/../../../../pic32mx/lib/libpic32.a(vector41.o)
 .gnu.attributes
                0x0000000000000400       0x10 /Applications/microchip/xc32/v4.10/bin/bin/../../lib/gcc/pic32mx/8.3.1/../../../../pic32mx/lib/libpic32.a(vector42.o)
 .gnu.attributes
                0x0000000000000410       0x10 /Applications/microchip/xc32/v4.10/bin/bin/../../lib/gcc/pic32mx/8.3.1/../../../../pic32mx/lib/libpic32.a(vector43.o)
 .gnu.attributes
                0x0000000000000420       0x10 /Applications/microchip/xc32/v4.10/bin/bin/../../lib/gcc/pic32mx/8.3.1/../../../../pic32mx/lib/libpic32.a(vector44.o)
 .gnu.attributes
                0x0000000000000430       0x10 /Applications/microchip/xc32/v4.10/bin/bin/../../lib/gcc/pic32mx/8.3.1/../../../../pic32mx/lib/libpic32.a(vector45.o)
 .gnu.attributes
                0x0000000000000440       0x10 /Applications/microchip/xc32/v4.10/bin/bin/../../lib/gcc/pic32mx/8.3.1/../../../../pic32mx/lib/libpic32.a(vector47.o)
 .gnu.attributes
                0x0000000000000450       0x10 /Applications/microchip/xc32/v4.10/bin/bin/../../lib/gcc/pic32mx/8.3.1/../../../../pic32mx/lib/libpic32.a(vector48.o)
 .gnu.attributes
                0x0000000000000460       0x10 /Applications/microchip/xc32/v4.10/bin/bin/../../lib/gcc/pic32mx/8.3.1/../../../../pic32mx/lib/libpic32.a(vector49.o)
 .gnu.attributes
                0x0000000000000470       0x10 /Applications/microchip/xc32/v4.10/bin/bin/../../lib/gcc/pic32mx/8.3.1/../../../../pic32mx/lib/libpic32.a(vector51.o)
 .gnu.attributes
                0x0000000000000480       0x10 /Applications/microchip/xc32/v4.10/bin/bin/../../lib/gcc/pic32mx/8.3.1/../../../../pic32mx/lib/libpic32.a(default-general-exception-handler.o)
 .gnu.attributes
                0x0000000000000490       0x10 /Applications/microchip/xc32/v4.10/bin/bin/../../lib/gcc/pic32mx/8.3.1/../../../../pic32mx/lib/libpic32.a(defaultinterrupt.o)
 .gnu.attributes
                0x00000000000004a0       0x10 /Applications/microchip/xc32/v4.10/bin/bin/../../lib/gcc/pic32mx/8.3.1/../../../../pic32mx/lib/libm.a(pow32.o)
 .gnu.attributes
                0x00000000000004b0       0x10 /Applications/microchip/xc32/v4.10/bin/bin/../../lib/gcc/pic32mx/8.3.1/../../../../pic32mx/lib/libm.a(log32.o)
 .gnu.attributes
                0x00000000000004c0       0x10 /Applications/microchip/xc32/v4.10/bin/bin/../../lib/gcc/pic32mx/8.3.1/../../../../pic32mx/lib/libm.a(dp32div.o)
 .gnu.attributes
                0x00000000000004d0       0x10 /Applications/microchip/xc32/v4.10/bin/bin/../../lib/gcc/pic32mx/8.3.1/../../../../pic32mx/lib/libm.a(dp32mul.o)
 .gnu.attributes
                0x00000000000004e0       0x10 /Applications/microchip/xc32/v4.10/bin/bin/../../lib/gcc/pic32mx/8.3.1/../../../../pic32mx/lib/libm.a(dp32subadd.o)
 .gnu.attributes
                0x00000000000004f0       0x10 /Applications/microchip/xc32/v4.10/bin/bin/../../lib/gcc/pic32mx/8.3.1/../../../../pic32mx/lib/libm.a(dptofp.o)
 .gnu.attributes
                0x0000000000000500       0x10 /Applications/microchip/xc32/v4.10/bin/bin/../../lib/gcc/pic32mx/8.3.1/../../../../pic32mx/lib/libm.a(dptoli.o)
 .gnu.attributes
                0x0000000000000510       0x10 /Applications/microchip/xc32/v4.10/bin/bin/../../lib/gcc/pic32mx/8.3.1/../../../../pic32mx/lib/libm.a(dptoul.o)
 .gnu.attributes
                0x0000000000000520       0x10 /Applications/microchip/xc32/v4.10/bin/bin/../../lib/gcc/pic32mx/8.3.1/../../../../pic32mx/lib/libm.a(exadd.o)
 .gnu.attributes
                0x0000000000000530       0x10 /Applications/microchip/xc32/v4.10/bin/bin/../../lib/gcc/pic32mx/8.3.1/../../../../pic32mx/lib/libm.a(exdiv.o)
 .gnu.attributes
                0x0000000000000540       0x10 /Applications/microchip/xc32/v4.10/bin/bin/../../lib/gcc/pic32mx/8.3.1/../../../../pic32mx/lib/libm.a(exmul.o)
 .gnu.attributes
                0x0000000000000550       0x10 /Applications/microchip/xc32/v4.10/bin/bin/../../lib/gcc/pic32mx/8.3.1/../../../../pic32mx/lib/libm.a(fp32div.o)
 .gnu.attributes
                0x0000000000000560       0x10 /Applications/microchip/xc32/v4.10/bin/bin/../../lib/gcc/pic32mx/8.3.1/../../../../pic32mx/lib/libm.a(fp32mul.o)
 .gnu.attributes
                0x0000000000000570       0x10 /Applications/microchip/xc32/v4.10/bin/bin/../../lib/gcc/pic32mx/8.3.1/../../../../pic32mx/lib/libm.a(fp32subadd.o)
 .gnu.attributes
                0x0000000000000580       0x10 /Applications/microchip/xc32/v4.10/bin/bin/../../lib/gcc/pic32mx/8.3.1/../../../../pic32mx/lib/libm.a(fpcmp.o)
 .gnu.attributes
                0x0000000000000590       0x10 /Applications/microchip/xc32/v4.10/bin/bin/../../lib/gcc/pic32mx/8.3.1/../../../../pic32mx/lib/libm.a(fpcmplt.o)
 .gnu.attributes
                0x00000000000005a0       0x10 /Applications/microchip/xc32/v4.10/bin/bin/../../lib/gcc/pic32mx/8.3.1/../../../../pic32mx/lib/libm.a(fptodp.o)
 .gnu.attributes
                0x00000000000005b0       0x10 /Applications/microchip/xc32/v4.10/bin/bin/../../lib/gcc/pic32mx/8.3.1/../../../../pic32mx/lib/libm.a(fptoli.o)
 .gnu.attributes
                0x00000000000005c0       0x10 /Applications/microchip/xc32/v4.10/bin/bin/../../lib/gcc/pic32mx/8.3.1/../../../../pic32mx/lib/libm.a(litodp.o)
 .gnu.attributes
                0x00000000000005d0       0x10 /Applications/microchip/xc32/v4.10/bin/bin/../../lib/gcc/pic32mx/8.3.1/../../../../pic32mx/lib/libm.a(sigmax.o)
 .gnu.attributes
                0x00000000000005e0       0x10 /Applications/microchip/xc32/v4.10/bin/bin/../../lib/gcc/pic32mx/8.3.1/../../../../pic32mx/lib/libm.a(sitofp.o)
 .gnu.attributes
                0x00000000000005f0       0x10 /Applications/microchip/xc32/v4.10/bin/bin/../../lib/gcc/pic32mx/8.3.1/../../../../pic32mx/lib/libm.a(exp32.o)
OUTPUT(dist/default/production/Volant.X.production.elf elf32-tradlittlemips)
LOAD stack
LOAD data_init

.reginfo        0x0000000000000000       0x18
 .reginfo       0x0000000000000000       0x18 /Applications/microchip/xc32/v4.10/bin/bin/../../lib/gcc/pic32mx/8.3.1/../../../../pic32mx/lib/debug-exception-return.o

.stack          0x00000000a000aa78      0x400
 .stack         0x00000000a000aa78      0x400 stack

.data           0x00000000a0009528      0xd4c
 .data          0x00000000a0009528      0xd4c ../../ChinookLib/ChinookLib.X/dist/default/production/ChinookLib.X.a(ChinookUart.o)
                0x00000000a0009528                Uart

.bss            0x00000000a000a274      0x200
 .bss           0x00000000a000a274      0x200 ../../ChinookLib/ChinookLib.X/dist/default/production/ChinookLib.X.a(ChinookSpi.o)
                0x00000000a000a274                userEnhancedTxBuffer
                0x00000000a000a374                userEnhancedRxBuffer

.data           0x00000000a000a474      0x264
 .data          0x00000000a000a474      0x14c ../../ChinookLib/ChinookLib.X/dist/default/production/ChinookLib.X.a(ChinookSpi.o)
                0x00000000a000a474                Spi
 .data          0x00000000a000a5c0      0x118 ../../ChinookLib/ChinookLib.X/dist/default/production/ChinookLib.X.a(ChinookPorts.o)
                0x00000000a000a5c0                Port

.data           0x00000000a000a6d8      0x1cc
 .data          0x00000000a000a6d8       0xe8 /Applications/microchip/xc32/v4.10/bin/bin/../../lib/gcc/pic32mx/8.3.1/../../../../pic32mx/lib/libm.a(log32.o)
 .data          0x00000000a000a7c0       0xe4 ../../ChinookLib/ChinookLib.X/dist/default/production/ChinookLib.X.a(ChinookAdc.o)
                0x00000000a000a7c0                Adc

.data           0x00000000a000a8a4      0x11c
 .data          0x00000000a000a8a4       0xa0 /Applications/microchip/xc32/v4.10/bin/bin/../../lib/gcc/pic32mx/8.3.1/../../../../pic32mx/lib/libm.a(exp32.o)
 .data          0x00000000a000a944       0x7c ../../ChinookLib/ChinookLib.X/dist/default/production/ChinookLib.X.a(ChinookTimer.o)
                0x00000000a000a944                Timer

.data           0x00000000a000a9c0       0x5c
 .data          0x00000000a000a9c0       0x30 build/default/production/source/StateMachine_Volant.o
                0x00000000a000a9c0                switches
 .data          0x00000000a000a9f0       0x2c ../../ChinookLib/ChinookLib.X/dist/default/production/ChinookLib.X.a(ChinookCan.o)
                0x00000000a000a9f0                Can

.bss            0x00000000a000aa1c       0x18
 .bss           0x00000000a000aa1c       0x18 build/default/production/source/StateMachine_Volant.o
                0x00000000a000aa1c                MemoSW

.data           0x00000000a000aa34       0x18
 .data          0x00000000a000aa34       0x18 ../../ChinookLib/ChinookLib.X/dist/default/production/ChinookLib.X.a(ChinookPwm.o)
                0x00000000a000aa34                Pwm

.bss%z1         0x0000000000000000        0x0
 .bss           0x0000000000000000        0x0 /Applications/microchip/xc32/v4.10/bin/bin/../../lib/gcc/pic32mx/8.3.1/../../../../pic32mx/lib/libm.a(exp32.o)

.bss%z2         0x0000000000000000        0x0
 .bss           0x0000000000000000        0x0 /Applications/microchip/xc32/v4.10/bin/bin/../../lib/gcc/pic32mx/8.3.1/../../../../pic32mx/lib/libm.a(sitofp.o)

.data%z3        0x0000000000000000        0x0
 .data          0x0000000000000000        0x0 /Applications/microchip/xc32/v4.10/bin/bin/../../lib/gcc/pic32mx/8.3.1/../../../../pic32mx/lib/libm.a(sitofp.o)

.bss%z4         0x0000000000000000        0x0
 .bss           0x0000000000000000        0x0 /Applications/microchip/xc32/v4.10/bin/bin/../../lib/gcc/pic32mx/8.3.1/../../../../pic32mx/lib/libm.a(sigmax.o)

.data%z5        0x0000000000000000        0x0
 .data          0x0000000000000000        0x0 /Applications/microchip/xc32/v4.10/bin/bin/../../lib/gcc/pic32mx/8.3.1/../../../../pic32mx/lib/libm.a(sigmax.o)

.bss%z6         0x0000000000000000        0x0
 .bss           0x0000000000000000        0x0 /Applications/microchip/xc32/v4.10/bin/bin/../../lib/gcc/pic32mx/8.3.1/../../../../pic32mx/lib/libm.a(litodp.o)

.data%z7        0x0000000000000000        0x0
 .data          0x0000000000000000        0x0 /Applications/microchip/xc32/v4.10/bin/bin/../../lib/gcc/pic32mx/8.3.1/../../../../pic32mx/lib/libm.a(litodp.o)

.bss%z8         0x0000000000000000        0x0
 .bss           0x0000000000000000        0x0 /Applications/microchip/xc32/v4.10/bin/bin/../../lib/gcc/pic32mx/8.3.1/../../../../pic32mx/lib/libm.a(fptoli.o)

.data%z9        0x0000000000000000        0x0
 .data          0x0000000000000000        0x0 /Applications/microchip/xc32/v4.10/bin/bin/../../lib/gcc/pic32mx/8.3.1/../../../../pic32mx/lib/libm.a(fptoli.o)

.bss%z10        0x0000000000000000        0x0
 .bss           0x0000000000000000        0x0 /Applications/microchip/xc32/v4.10/bin/bin/../../lib/gcc/pic32mx/8.3.1/../../../../pic32mx/lib/libm.a(fptodp.o)

.data%z11       0x0000000000000000        0x0
 .data          0x0000000000000000        0x0 /Applications/microchip/xc32/v4.10/bin/bin/../../lib/gcc/pic32mx/8.3.1/../../../../pic32mx/lib/libm.a(fptodp.o)

.bss%z12        0x0000000000000000        0x0
 .bss           0x0000000000000000        0x0 /Applications/microchip/xc32/v4.10/bin/bin/../../lib/gcc/pic32mx/8.3.1/../../../../pic32mx/lib/libm.a(fpcmplt.o)

.data%z13       0x0000000000000000        0x0
 .data          0x0000000000000000        0x0 /Applications/microchip/xc32/v4.10/bin/bin/../../lib/gcc/pic32mx/8.3.1/../../../../pic32mx/lib/libm.a(fpcmplt.o)

.bss%z14        0x0000000000000000        0x0
 .bss           0x0000000000000000        0x0 /Applications/microchip/xc32/v4.10/bin/bin/../../lib/gcc/pic32mx/8.3.1/../../../../pic32mx/lib/libm.a(fpcmp.o)

.data%z15       0x0000000000000000        0x0
 .data          0x0000000000000000        0x0 /Applications/microchip/xc32/v4.10/bin/bin/../../lib/gcc/pic32mx/8.3.1/../../../../pic32mx/lib/libm.a(fpcmp.o)

.bss%z16        0x0000000000000000        0x0
 .bss           0x0000000000000000        0x0 /Applications/microchip/xc32/v4.10/bin/bin/../../lib/gcc/pic32mx/8.3.1/../../../../pic32mx/lib/libm.a(fp32subadd.o)

.data%z17       0x0000000000000000        0x0
 .data          0x0000000000000000        0x0 /Applications/microchip/xc32/v4.10/bin/bin/../../lib/gcc/pic32mx/8.3.1/../../../../pic32mx/lib/libm.a(fp32subadd.o)

.bss%z18        0x0000000000000000        0x0
 .bss           0x0000000000000000        0x0 /Applications/microchip/xc32/v4.10/bin/bin/../../lib/gcc/pic32mx/8.3.1/../../../../pic32mx/lib/libm.a(fp32mul.o)

.data%z19       0x0000000000000000        0x0
 .data          0x0000000000000000        0x0 /Applications/microchip/xc32/v4.10/bin/bin/../../lib/gcc/pic32mx/8.3.1/../../../../pic32mx/lib/libm.a(fp32mul.o)

.bss%z20        0x0000000000000000        0x0
 .bss           0x0000000000000000        0x0 /Applications/microchip/xc32/v4.10/bin/bin/../../lib/gcc/pic32mx/8.3.1/../../../../pic32mx/lib/libm.a(fp32div.o)

.data%z21       0x0000000000000000        0x0
 .data          0x0000000000000000        0x0 /Applications/microchip/xc32/v4.10/bin/bin/../../lib/gcc/pic32mx/8.3.1/../../../../pic32mx/lib/libm.a(fp32div.o)

.bss%z22        0x0000000000000000        0x0
 .bss           0x0000000000000000        0x0 /Applications/microchip/xc32/v4.10/bin/bin/../../lib/gcc/pic32mx/8.3.1/../../../../pic32mx/lib/libm.a(exmul.o)

.data%z23       0x0000000000000000        0x0
 .data          0x0000000000000000        0x0 /Applications/microchip/xc32/v4.10/bin/bin/../../lib/gcc/pic32mx/8.3.1/../../../../pic32mx/lib/libm.a(exmul.o)

.bss%z24        0x0000000000000000        0x0
 .bss           0x0000000000000000        0x0 /Applications/microchip/xc32/v4.10/bin/bin/../../lib/gcc/pic32mx/8.3.1/../../../../pic32mx/lib/libm.a(exdiv.o)

.data%z25       0x0000000000000000        0x0
 .data          0x0000000000000000        0x0 /Applications/microchip/xc32/v4.10/bin/bin/../../lib/gcc/pic32mx/8.3.1/../../../../pic32mx/lib/libm.a(exdiv.o)

.bss%z26        0x0000000000000000        0x0
 .bss           0x0000000000000000        0x0 /Applications/microchip/xc32/v4.10/bin/bin/../../lib/gcc/pic32mx/8.3.1/../../../../pic32mx/lib/libm.a(exadd.o)

.data%z27       0x0000000000000000        0x0
 .data          0x0000000000000000        0x0 /Applications/microchip/xc32/v4.10/bin/bin/../../lib/gcc/pic32mx/8.3.1/../../../../pic32mx/lib/libm.a(exadd.o)

.bss%z28        0x0000000000000000        0x0
 .bss           0x0000000000000000        0x0 /Applications/microchip/xc32/v4.10/bin/bin/../../lib/gcc/pic32mx/8.3.1/../../../../pic32mx/lib/libm.a(dptoul.o)

.data%z29       0x0000000000000000        0x0
 .data          0x0000000000000000        0x0 /Applications/microchip/xc32/v4.10/bin/bin/../../lib/gcc/pic32mx/8.3.1/../../../../pic32mx/lib/libm.a(dptoul.o)

.bss%z30        0x0000000000000000        0x0
 .bss           0x0000000000000000        0x0 /Applications/microchip/xc32/v4.10/bin/bin/../../lib/gcc/pic32mx/8.3.1/../../../../pic32mx/lib/libm.a(dptoli.o)

.data%z31       0x0000000000000000        0x0
 .data          0x0000000000000000        0x0 /Applications/microchip/xc32/v4.10/bin/bin/../../lib/gcc/pic32mx/8.3.1/../../../../pic32mx/lib/libm.a(dptoli.o)

.bss%z32        0x0000000000000000        0x0
 .bss           0x0000000000000000        0x0 /Applications/microchip/xc32/v4.10/bin/bin/../../lib/gcc/pic32mx/8.3.1/../../../../pic32mx/lib/libm.a(dptofp.o)

.data%z33       0x0000000000000000        0x0
 .data          0x0000000000000000        0x0 /Applications/microchip/xc32/v4.10/bin/bin/../../lib/gcc/pic32mx/8.3.1/../../../../pic32mx/lib/libm.a(dptofp.o)

.bss%z34        0x0000000000000000        0x0
 .bss           0x0000000000000000        0x0 /Applications/microchip/xc32/v4.10/bin/bin/../../lib/gcc/pic32mx/8.3.1/../../../../pic32mx/lib/libm.a(dp32subadd.o)

.data%z35       0x0000000000000000        0x0
 .data          0x0000000000000000        0x0 /Applications/microchip/xc32/v4.10/bin/bin/../../lib/gcc/pic32mx/8.3.1/../../../../pic32mx/lib/libm.a(dp32subadd.o)

.bss%z36        0x0000000000000000        0x0
 .bss           0x0000000000000000        0x0 /Applications/microchip/xc32/v4.10/bin/bin/../../lib/gcc/pic32mx/8.3.1/../../../../pic32mx/lib/libm.a(dp32mul.o)

.data%z37       0x0000000000000000        0x0
 .data          0x0000000000000000        0x0 /Applications/microchip/xc32/v4.10/bin/bin/../../lib/gcc/pic32mx/8.3.1/../../../../pic32mx/lib/libm.a(dp32mul.o)

.bss%z38        0x0000000000000000        0x0
 .bss           0x0000000000000000        0x0 /Applications/microchip/xc32/v4.10/bin/bin/../../lib/gcc/pic32mx/8.3.1/../../../../pic32mx/lib/libm.a(dp32div.o)

.data%z39       0x0000000000000000        0x0
 .data          0x0000000000000000        0x0 /Applications/microchip/xc32/v4.10/bin/bin/../../lib/gcc/pic32mx/8.3.1/../../../../pic32mx/lib/libm.a(dp32div.o)

.bss%z40        0x0000000000000000        0x0
 .bss           0x0000000000000000        0x0 /Applications/microchip/xc32/v4.10/bin/bin/../../lib/gcc/pic32mx/8.3.1/../../../../pic32mx/lib/libm.a(log32.o)

.bss%z41        0x0000000000000000        0x0
 .bss           0x0000000000000000        0x0 /Applications/microchip/xc32/v4.10/bin/bin/../../lib/gcc/pic32mx/8.3.1/../../../../pic32mx/lib/libm.a(pow32.o)

.data%z42       0x0000000000000000        0x0